Archive member included to satisfy reference by file (symbol)

c:/st/stm32cubeide_1.5.0/stm32cubeide/plugins/com.st.stm32cube.ide.mcu.externaltools.gnu-tools-for-stm32.7-2018-q2-update.win32_1.5.0.202011040924/tools/bin/../lib/gcc/arm-none-eabi/7.3.1/../../../../arm-none-eabi/lib/thumb/v7e-m/fpv4-sp/hard\libstdc++.a(del_opv.o)
                              Src/JPEGDecoder.o (operator delete[](void*))
c:/st/stm32cubeide_1.5.0/stm32cubeide/plugins/com.st.stm32cube.ide.mcu.externaltools.gnu-tools-for-stm32.7-2018-q2-update.win32_1.5.0.202011040924/tools/bin/../lib/gcc/arm-none-eabi/7.3.1/../../../../arm-none-eabi/lib/thumb/v7e-m/fpv4-sp/hard\libstdc++.a(new_opv.o)
                              Src/JPEGDecoder.o (operator new[](unsigned int))
c:/st/stm32cubeide_1.5.0/stm32cubeide/plugins/com.st.stm32cube.ide.mcu.externaltools.gnu-tools-for-stm32.7-2018-q2-update.win32_1.5.0.202011040924/tools/bin/../lib/gcc/arm-none-eabi/7.3.1/../../../../arm-none-eabi/lib/thumb/v7e-m/fpv4-sp/hard\libstdc++.a(new_op.o)
                              c:/st/stm32cubeide_1.5.0/stm32cubeide/plugins/com.st.stm32cube.ide.mcu.externaltools.gnu-tools-for-stm32.7-2018-q2-update.win32_1.5.0.202011040924/tools/bin/../lib/gcc/arm-none-eabi/7.3.1/../../../../arm-none-eabi/lib/thumb/v7e-m/fpv4-sp/hard\libstdc++.a(new_opv.o) (operator new(unsigned int))
c:/st/stm32cubeide_1.5.0/stm32cubeide/plugins/com.st.stm32cube.ide.mcu.externaltools.gnu-tools-for-stm32.7-2018-q2-update.win32_1.5.0.202011040924/tools/bin/../lib/gcc/arm-none-eabi/7.3.1/../../../../arm-none-eabi/lib/thumb/v7e-m/fpv4-sp/hard\libstdc++.a(new_handler.o)
                              c:/st/stm32cubeide_1.5.0/stm32cubeide/plugins/com.st.stm32cube.ide.mcu.externaltools.gnu-tools-for-stm32.7-2018-q2-update.win32_1.5.0.202011040924/tools/bin/../lib/gcc/arm-none-eabi/7.3.1/../../../../arm-none-eabi/lib/thumb/v7e-m/fpv4-sp/hard\libstdc++.a(new_op.o) (std::get_new_handler())
c:/st/stm32cubeide_1.5.0/stm32cubeide/plugins/com.st.stm32cube.ide.mcu.externaltools.gnu-tools-for-stm32.7-2018-q2-update.win32_1.5.0.202011040924/tools/bin/../lib/gcc/arm-none-eabi/7.3.1/../../../../arm-none-eabi/lib/thumb/v7e-m/fpv4-sp/hard\libstdc++.a(del_op.o)
                              c:/st/stm32cubeide_1.5.0/stm32cubeide/plugins/com.st.stm32cube.ide.mcu.externaltools.gnu-tools-for-stm32.7-2018-q2-update.win32_1.5.0.202011040924/tools/bin/../lib/gcc/arm-none-eabi/7.3.1/../../../../arm-none-eabi/lib/thumb/v7e-m/fpv4-sp/hard\libstdc++.a(del_opv.o) (operator delete(void*))
c:/st/stm32cubeide_1.5.0/stm32cubeide/plugins/com.st.stm32cube.ide.mcu.externaltools.gnu-tools-for-stm32.7-2018-q2-update.win32_1.5.0.202011040924/tools/bin/../lib/gcc/arm-none-eabi/7.3.1/../../../../arm-none-eabi/lib/thumb/v7e-m/fpv4-sp/hard\libstdc++.a(eh_alloc.o)
                              c:/st/stm32cubeide_1.5.0/stm32cubeide/plugins/com.st.stm32cube.ide.mcu.externaltools.gnu-tools-for-stm32.7-2018-q2-update.win32_1.5.0.202011040924/tools/bin/../lib/gcc/arm-none-eabi/7.3.1/../../../../arm-none-eabi/lib/thumb/v7e-m/fpv4-sp/hard\libstdc++.a(new_op.o) (__cxa_allocate_exception)
c:/st/stm32cubeide_1.5.0/stm32cubeide/plugins/com.st.stm32cube.ide.mcu.externaltools.gnu-tools-for-stm32.7-2018-q2-update.win32_1.5.0.202011040924/tools/bin/../lib/gcc/arm-none-eabi/7.3.1/../../../../arm-none-eabi/lib/thumb/v7e-m/fpv4-sp/hard\libstdc++.a(bad_alloc.o)
                              c:/st/stm32cubeide_1.5.0/stm32cubeide/plugins/com.st.stm32cube.ide.mcu.externaltools.gnu-tools-for-stm32.7-2018-q2-update.win32_1.5.0.202011040924/tools/bin/../lib/gcc/arm-none-eabi/7.3.1/../../../../arm-none-eabi/lib/thumb/v7e-m/fpv4-sp/hard\libstdc++.a(new_op.o) (std::bad_alloc::~bad_alloc())
c:/st/stm32cubeide_1.5.0/stm32cubeide/plugins/com.st.stm32cube.ide.mcu.externaltools.gnu-tools-for-stm32.7-2018-q2-update.win32_1.5.0.202011040924/tools/bin/../lib/gcc/arm-none-eabi/7.3.1/../../../../arm-none-eabi/lib/thumb/v7e-m/fpv4-sp/hard\libstdc++.a(del_ops.o)
                              c:/st/stm32cubeide_1.5.0/stm32cubeide/plugins/com.st.stm32cube.ide.mcu.externaltools.gnu-tools-for-stm32.7-2018-q2-update.win32_1.5.0.202011040924/tools/bin/../lib/gcc/arm-none-eabi/7.3.1/../../../../arm-none-eabi/lib/thumb/v7e-m/fpv4-sp/hard\libstdc++.a(bad_alloc.o) (operator delete(void*, unsigned int))
c:/st/stm32cubeide_1.5.0/stm32cubeide/plugins/com.st.stm32cube.ide.mcu.externaltools.gnu-tools-for-stm32.7-2018-q2-update.win32_1.5.0.202011040924/tools/bin/../lib/gcc/arm-none-eabi/7.3.1/../../../../arm-none-eabi/lib/thumb/v7e-m/fpv4-sp/hard\libstdc++.a(eh_throw.o)
                              c:/st/stm32cubeide_1.5.0/stm32cubeide/plugins/com.st.stm32cube.ide.mcu.externaltools.gnu-tools-for-stm32.7-2018-q2-update.win32_1.5.0.202011040924/tools/bin/../lib/gcc/arm-none-eabi/7.3.1/../../../../arm-none-eabi/lib/thumb/v7e-m/fpv4-sp/hard\libstdc++.a(new_op.o) (__cxa_throw)
[...]
Memory Configuration

Name             Origin             Length             Attributes
RAM              0x0000000020000000 0x0000000000050000 xrw
FLASH            0x0000000008000000 0x0000000000100000 xr
DTCMRAM          0x0000000000000000 0xffffffffffffffff
*default*        0x0000000000000000 0xffffffffffffffff

Linker script and memory map

LOAD c:/st/stm32cubeide_1.5.0/stm32cubeide/plugins/com.st.stm32cube.ide.mcu.externaltools.gnu-tools-for-stm32.7-2018-q2-update.win32_1.5.0.202011040924/tools/bin/../lib/gcc/arm-none-eabi/7.3.1/thumb/v7e-m/fpv4-sp/hard/crti.o
LOAD c:/st/stm32cubeide_1.5.0/stm32cubeide/plugins/com.st.stm32cube.ide.mcu.externaltools.gnu-tools-for-stm32.7-2018-q2-update.win32_1.5.0.202011040924/tools/bin/../lib/gcc/arm-none-eabi/7.3.1/thumb/v7e-m/fpv4-sp/hard/crtbegin.o
LOAD c:/st/stm32cubeide_1.5.0/stm32cubeide/plugins/com.st.stm32cube.ide.mcu.externaltools.gnu-tools-for-stm32.7-2018-q2-update.win32_1.5.0.202011040924/tools/bin/../lib/gcc/arm-none-eabi/7.3.1/../../../../arm-none-eabi/lib/thumb/v7e-m/fpv4-sp/hard/crt0.o
LOAD Drivers/BSP/Components/exc7200/exc7200.o
LOAD Drivers/BSP/Components/ft5336/ft5336.o
LOAD Drivers/BSP/Components/mfxstm32l152/mfxstm32l152.o
LOAD Drivers/BSP/Components/ov9655/ov9655.o
LOAD Drivers/BSP/Components/s5k5cag/s5k5cag.o
LOAD Drivers/BSP/Components/stmpe811/stmpe811.o
LOAD Drivers/BSP/Components/ts3510/ts3510.o
LOAD Drivers/BSP/Components/wm8994/wm8994.o
LOAD Drivers/BSP/STM32746G-Discovery/stm32746g_discovery.o
LOAD Drivers/BSP/STM32746G-Discovery/stm32746g_discovery_audio.o
LOAD Drivers/BSP/STM32746G-Discovery/stm32746g_discovery_eeprom.o
LOAD Drivers/BSP/STM32746G-Discovery/stm32746g_discovery_lcd.o
LOAD Drivers/BSP/STM32746G-Discovery/stm32746g_discovery_qspi.o
LOAD Drivers/BSP/STM32746G-Discovery/stm32746g_discovery_sd.o
LOAD Drivers/BSP/STM32746G-Discovery/stm32746g_discovery_sdram.o
LOAD Drivers/BSP/STM32746G-Discovery/stm32746g_discovery_ts.o
LOAD Drivers/STM32F7xx_HAL_Driver/Src/stm32f7xx_hal.o
LOAD Drivers/STM32F7xx_HAL_Driver/Src/stm32f7xx_hal_adc.o
LOAD Drivers/STM32F7xx_HAL_Driver/Src/stm32f7xx_hal_adc_ex.o
LOAD Drivers/STM32F7xx_HAL_Driver/Src/stm32f7xx_hal_cortex.o
LOAD Drivers/STM32F7xx_HAL_Driver/Src/stm32f7xx_hal_dcmi.o
LOAD Drivers/STM32F7xx_HAL_Driver/Src/stm32f7xx_hal_dcmi_ex.o
LOAD Drivers/STM32F7xx_HAL_Driver/Src/stm32f7xx_hal_dma.o
LOAD Drivers/STM32F7xx_HAL_Driver/Src/stm32f7xx_hal_dma2d.o
LOAD Drivers/STM32F7xx_HAL_Driver/Src/stm32f7xx_hal_dma_ex.o
LOAD Drivers/STM32F7xx_HAL_Driver/Src/stm32f7xx_hal_dsi.o
LOAD Drivers/STM32F7xx_HAL_Driver/Src/stm32f7xx_hal_flash.o
LOAD Drivers/STM32F7xx_HAL_Driver/Src/stm32f7xx_hal_flash_ex.o
LOAD Drivers/STM32F7xx_HAL_Driver/Src/stm32f7xx_hal_gpio.o
LOAD Drivers/STM32F7xx_HAL_Driver/Src/stm32f7xx_hal_i2c.o
LOAD Drivers/STM32F7xx_HAL_Driver/Src/stm32f7xx_hal_i2c_ex.o
LOAD Drivers/STM32F7xx_HAL_Driver/Src/stm32f7xx_hal_ltdc.o
LOAD Drivers/STM32F7xx_HAL_Driver/Src/stm32f7xx_hal_ltdc_ex.o
LOAD Drivers/STM32F7xx_HAL_Driver/Src/stm32f7xx_hal_pwr.o
LOAD Drivers/STM32F7xx_HAL_Driver/Src/stm32f7xx_hal_pwr_ex.o
LOAD Drivers/STM32F7xx_HAL_Driver/Src/stm32f7xx_hal_qspi.o
LOAD Drivers/STM32F7xx_HAL_Driver/Src/stm32f7xx_hal_rcc.o
LOAD Drivers/STM32F7xx_HAL_Driver/Src/stm32f7xx_hal_rcc_ex.o
LOAD Drivers/STM32F7xx_HAL_Driver/Src/stm32f7xx_hal_rtc.o
LOAD Drivers/STM32F7xx_HAL_Driver/Src/stm32f7xx_hal_rtc_ex.o
LOAD Drivers/STM32F7xx_HAL_Driver/Src/stm32f7xx_hal_sai.o
LOAD Drivers/STM32F7xx_HAL_Driver/Src/stm32f7xx_hal_sai_ex.o
LOAD Drivers/STM32F7xx_HAL_Driver/Src/stm32f7xx_hal_sd.o
LOAD Drivers/STM32F7xx_HAL_Driver/Src/stm32f7xx_hal_sdram.o
LOAD Drivers/STM32F7xx_HAL_Driver/Src/stm32f7xx_hal_spi.o
LOAD Drivers/STM32F7xx_HAL_Driver/Src/stm32f7xx_hal_tim.o
LOAD Drivers/STM32F7xx_HAL_Driver/Src/stm32f7xx_hal_tim_ex.o
LOAD Drivers/STM32F7xx_HAL_Driver/Src/stm32f7xx_hal_uart.o
LOAD Drivers/STM32F7xx_HAL_Driver/Src/stm32f7xx_ll_fmc.o
LOAD Drivers/STM32F7xx_HAL_Driver/Src/stm32f7xx_ll_sdmmc.o
LOAD Src/JPEGDecoder.o
LOAD Src/camera.o
LOAD Src/camera_i2c.o
LOAD Src/camera_spi.o
LOAD Src/lcd.o
LOAD Src/main.o
LOAD Src/picojpeg.o
LOAD Src/startup_stm32f746xx.o
LOAD Src/stm32f7xx_hal_msp.o
LOAD Src/stm32f7xx_it.o
LOAD Src/system_stm32f7xx.o
LOAD Src/TinyEngine/codegen/Source/depthwise_kernel3x3_stride1_inplace_CHW_fpreq.o
LOAD Src/TinyEngine/codegen/Source/depthwise_kernel3x3_stride1_inplace_CHW_fpreq_bitmask.o
LOAD Src/TinyEngine/codegen/Source/depthwise_kernel3x3_stride1_inplace_CHW_fpreq_mask.o
LOAD Src/TinyEngine/codegen/Source/depthwise_kernel7x7_stride1_inplace_CHW_fpreq.o
LOAD Src/TinyEngine/codegen/Source/depthwise_kernel7x7_stride1_inplace_CHW_fpreq_bitmask.o
LOAD Src/TinyEngine/codegen/Source/depthwise_kernel7x7_stride1_inplace_CHW_fpreq_mask.o
LOAD Src/TinyEngine/codegen/Source/genModel.o
LOAD Src/TinyEngine/src/kernels/fp_backward_op/add_fp.o
LOAD Src/TinyEngine/src/kernels/fp_backward_op/div_fp.o
LOAD Src/TinyEngine/src/kernels/fp_backward_op/group_conv_fp_kernel4_stride1_pad0.o
LOAD Src/TinyEngine/src/kernels/fp_backward_op/group_conv_fp_kernel8_stride1_pad0.o
LOAD Src/TinyEngine/src/kernels/fp_backward_op/group_pointwise_conv_fp.o
LOAD Src/TinyEngine/src/kernels/fp_backward_op/less_fp.o
LOAD Src/TinyEngine/src/kernels/fp_backward_op/log_softmax_fp.o
LOAD Src/TinyEngine/src/kernels/fp_backward_op/mul_fp.o
LOAD Src/TinyEngine/src/kernels/fp_backward_op/negative_fp.o
LOAD Src/TinyEngine/src/kernels/fp_backward_op/nll_loss_fp.o
LOAD Src/TinyEngine/src/kernels/fp_backward_op/pointwise_conv_fp.o
LOAD Src/TinyEngine/src/kernels/fp_backward_op/strided_slice_3Dto3D_fp.o
LOAD Src/TinyEngine/src/kernels/fp_backward_op/strided_slice_4Dto4D_fp.o
LOAD Src/TinyEngine/src/kernels/fp_backward_op/sub_fp.o
LOAD Src/TinyEngine/src/kernels/fp_backward_op/sum_2D_fp.o
LOAD Src/TinyEngine/src/kernels/fp_backward_op/sum_3D_fp.o
LOAD Src/TinyEngine/src/kernels/fp_backward_op/sum_4D_exclude_fp.o
LOAD Src/TinyEngine/src/kernels/fp_backward_op/transpose_depthwise_conv_fp_kernel3_stride1_inpad1_outpad0.o
LOAD Src/TinyEngine/src/kernels/fp_backward_op/transpose_depthwise_conv_fp_kernel3_stride2_inpad1_outpad1.o
LOAD Src/TinyEngine/src/kernels/fp_backward_op/transpose_depthwise_conv_fp_kernel5_stride1_inpad2_outpad0.o
LOAD Src/TinyEngine/src/kernels/fp_backward_op/transpose_depthwise_conv_fp_kernel5_stride2_inpad2_outpad1.o
LOAD Src/TinyEngine/src/kernels/fp_backward_op/transpose_depthwise_conv_fp_kernel7_stride1_inpad3_outpad0.o
LOAD Src/TinyEngine/src/kernels/fp_backward_op/transpose_depthwise_conv_fp_kernel7_stride2_inpad3_outpad1.o
LOAD Src/TinyEngine/src/kernels/fp_backward_op/tte_exp_fp.o
LOAD Src/TinyEngine/src/kernels/fp_backward_op/where_fp.o
LOAD Src/TinyEngine/src/kernels/fp_requantize_op/add_fpreq.o
LOAD Src/TinyEngine/src/kernels/fp_requantize_op/convolve_1x1_s8_ch16_fpreq.o
LOAD Src/TinyEngine/src/kernels/fp_requantize_op/convolve_1x1_s8_ch24_fpreq.o
LOAD Src/TinyEngine/src/kernels/fp_requantize_op/convolve_1x1_s8_ch48_fpreq.o
LOAD Src/TinyEngine/src/kernels/fp_requantize_op/convolve_1x1_s8_ch8_fpreq.o
LOAD Src/TinyEngine/src/kernels/fp_requantize_op/convolve_1x1_s8_fpreq.o
LOAD Src/TinyEngine/src/kernels/fp_requantize_op/convolve_1x1_s8_fpreq_mask.o
LOAD Src/TinyEngine/src/kernels/fp_requantize_op/convolve_1x1_s8_fpreq_mask_partialCH.o
LOAD Src/TinyEngine/src/kernels/fp_requantize_op/convolve_s8_kernel3_inputch3_stride2_pad1_fpreq.o
LOAD Src/TinyEngine/src/kernels/fp_requantize_op/mat_mul_kernels_fpreq.o
LOAD Src/TinyEngine/src/kernels/int_forward_op/add.o
LOAD Src/TinyEngine/src/kernels/int_forward_op/arm_convolve_s8_4col.o
LOAD Src/TinyEngine/src/kernels/int_forward_op/arm_nn_mat_mult_kernel3_input3_s8_s16.o
LOAD Src/TinyEngine/src/kernels/int_forward_op/arm_nn_mat_mult_kernel_s8_s16_reordered_8mul.o
LOAD Src/TinyEngine/src/kernels/int_forward_op/arm_nn_mat_mult_kernel_s8_s16_reordered_oddch.o
LOAD Src/TinyEngine/src/kernels/int_forward_op/avgpooling.o
LOAD Src/TinyEngine/src/kernels/int_forward_op/concat_ch.o
LOAD Src/TinyEngine/src/kernels/int_forward_op/convolve_1x1_s8.o
LOAD Src/TinyEngine/src/kernels/int_forward_op/convolve_1x1_s8_SRAM.o
LOAD Src/TinyEngine/src/kernels/int_forward_op/convolve_1x1_s8_ch16.o
LOAD Src/TinyEngine/src/kernels/int_forward_op/convolve_1x1_s8_ch24.o
LOAD Src/TinyEngine/src/kernels/int_forward_op/convolve_1x1_s8_ch48.o
LOAD Src/TinyEngine/src/kernels/int_forward_op/convolve_1x1_s8_ch8.o
LOAD Src/TinyEngine/src/kernels/int_forward_op/convolve_1x1_s8_kbuf.o
LOAD Src/TinyEngine/src/kernels/int_forward_op/convolve_1x1_s8_oddch.o
LOAD Src/TinyEngine/src/kernels/int_forward_op/convolve_1x1_s8_skip_pad.o
LOAD Src/TinyEngine/src/kernels/int_forward_op/convolve_s8_kernel2x3_inputch3_stride2_pad1.o
LOAD Src/TinyEngine/src/kernels/int_forward_op/convolve_s8_kernel3_inputch3_stride2_pad1.o
LOAD Src/TinyEngine/src/kernels/int_forward_op/convolve_s8_kernel3_stride1_pad1.o
LOAD Src/TinyEngine/src/kernels/int_forward_op/convolve_s8_kernel3x2_inputch3_stride2_pad1.o
LOAD Src/TinyEngine/src/kernels/int_forward_op/convolve_u8_kernel3_inputch3_stride1_pad1.o
LOAD Src/TinyEngine/src/kernels/int_forward_op/convolve_u8_kernel3_inputch3_stride2_pad1.o
LOAD Src/TinyEngine/src/kernels/int_forward_op/element_mult.o
LOAD Src/TinyEngine/src/kernels/int_forward_op/fully_connected.o
LOAD Src/TinyEngine/src/kernels/int_forward_op/mat_mul_fp.o
LOAD Src/TinyEngine/src/kernels/int_forward_op/mat_mult_kernels.o
LOAD Src/TinyEngine/src/kernels/int_forward_op/maxpooling.o
LOAD Src/TinyEngine/src/kernels/int_forward_op/patchpadding_convolve_s8_kernel3_inputch3_stride2.o
LOAD Src/TinyEngine/src/kernels/int_forward_op/patchpadding_depthwise_kernel3x3_stride1_inplace_CHW.o
LOAD Src/TinyEngine/src/kernels/int_forward_op/patchpadding_depthwise_kernel3x3_stride2_inplace_CHW.o
LOAD Src/TinyEngine/src/kernels/int_forward_op/patchpadding_kbuf_convolve_s8_kernel3_inputch3_stride2.o
LOAD Src/TinyEngine/src/kernels/int_forward_op/stable_softmax.o
LOAD Src/TinyEngine/src/kernels/int_forward_op/upsample_byte.o
LOAD Src/TinyEngine/src/yoloOutput.o
LOAD Src/sys/_io.o
LOAD Src/sys/stubs.o
LOAD Utilities/Fonts/font12.o
LOAD Utilities/Fonts/font16.o
LOAD Utilities/Fonts/font20.o
LOAD Utilities/Fonts/font24.o
LOAD Utilities/Fonts/font8.o
START GROUP
LOAD c:/st/stm32cubeide_1.5.0/stm32cubeide/plugins/com.st.stm32cube.ide.mcu.externaltools.gnu-tools-for-stm32.7-2018-q2-update.win32_1.5.0.202011040924/tools/bin/../lib/gcc/arm-none-eabi/7.3.1/../../../../arm-none-eabi/lib/thumb/v7e-m/fpv4-sp/hard\libstdc++.a
LOAD c:/st/stm32cubeide_1.5.0/stm32cubeide/plugins/com.st.stm32cube.ide.mcu.externaltools.gnu-tools-for-stm32.7-2018-q2-update.win32_1.5.0.202011040924/tools/bin/../lib/gcc/arm-none-eabi/7.3.1/../../../../arm-none-eabi/lib/thumb/v7e-m/fpv4-sp/hard\libsupc++.a
END GROUP
LOAD c:/st/stm32cubeide_1.5.0/stm32cubeide/plugins/com.st.stm32cube.ide.mcu.externaltools.gnu-tools-for-stm32.7-2018-q2-update.win32_1.5.0.202011040924/tools/bin/../lib/gcc/arm-none-eabi/7.3.1/../../../../arm-none-eabi/lib/thumb/v7e-m/fpv4-sp/hard\libstdc++.a
LOAD c:/st/stm32cubeide_1.5.0/stm32cubeide/plugins/com.st.stm32cube.ide.mcu.externaltools.gnu-tools-for-stm32.7-2018-q2-update.win32_1.5.0.202011040924/tools/bin/../lib/gcc/arm-none-eabi/7.3.1/../../../../arm-none-eabi/lib/thumb/v7e-m/fpv4-sp/hard\libm.a
LOAD c:/st/stm32cubeide_1.5.0/stm32cubeide/plugins/com.st.stm32cube.ide.mcu.externaltools.gnu-tools-for-stm32.7-2018-q2-update.win32_1.5.0.202011040924/tools/bin/../lib/gcc/arm-none-eabi/7.3.1/../../../../arm-none-eabi/lib/thumb/v7e-m/fpv4-sp/hard\libc.a
START GROUP
LOAD c:/st/stm32cubeide_1.5.0/stm32cubeide/plugins/com.st.stm32cube.ide.mcu.externaltools.gnu-tools-for-stm32.7-2018-q2-update.win32_1.5.0.202011040924/tools/bin/../lib/gcc/arm-none-eabi/7.3.1/thumb/v7e-m/fpv4-sp/hard\libgcc.a
LOAD c:/st/stm32cubeide_1.5.0/stm32cubeide/plugins/com.st.stm32cube.ide.mcu.externaltools.gnu-tools-for-stm32.7-2018-q2-update.win32_1.5.0.202011040924/tools/bin/../lib/gcc/arm-none-eabi/7.3.1/../../../../arm-none-eabi/lib/thumb/v7e-m/fpv4-sp/hard\libc.a
END GROUP
START GROUP
LOAD c:/st/stm32cubeide_1.5.0/stm32cubeide/plugins/com.st.stm32cube.ide.mcu.externaltools.gnu-tools-for-stm32.7-2018-q2-update.win32_1.5.0.202011040924/tools/bin/../lib/gcc/arm-none-eabi/7.3.1/thumb/v7e-m/fpv4-sp/hard\libgcc.a
LOAD c:/st/stm32cubeide_1.5.0/stm32cubeide/plugins/com.st.stm32cube.ide.mcu.externaltools.gnu-tools-for-stm32.7-2018-q2-update.win32_1.5.0.202011040924/tools/bin/../lib/gcc/arm-none-eabi/7.3.1/../../../../arm-none-eabi/lib/thumb/v7e-m/fpv4-sp/hard\libc.a
LOAD c:/st/stm32cubeide_1.5.0/stm32cubeide/plugins/com.st.stm32cube.ide.mcu.externaltools.gnu-tools-for-stm32.7-2018-q2-update.win32_1.5.0.202011040924/tools/bin/../lib/gcc/arm-none-eabi/7.3.1/../../../../arm-none-eabi/lib/thumb/v7e-m/fpv4-sp/hard\libnosys.a
END GROUP
LOAD c:/st/stm32cubeide_1.5.0/stm32cubeide/plugins/com.st.stm32cube.ide.mcu.externaltools.gnu-tools-for-stm32.7-2018-q2-update.win32_1.5.0.202011040924/tools/bin/../lib/gcc/arm-none-eabi/7.3.1/thumb/v7e-m/fpv4-sp/hard/crtend.o
LOAD c:/st/stm32cubeide_1.5.0/stm32cubeide/plugins/com.st.stm32cube.ide.mcu.externaltools.gnu-tools-for-stm32.7-2018-q2-update.win32_1.5.0.202011040924/tools/bin/../lib/gcc/arm-none-eabi/7.3.1/thumb/v7e-m/fpv4-sp/hard/crtn.o
                0x000000002004ffff                _estack = 0x2004ffff
                0x0000000000000600                _Min_Heap_Size = 0x600
                0x0000000000000400                _Min_Stack_Size = 0x400

.isr_vector     0x0000000008000000      0x1c8
                0x0000000008000000                . = ALIGN (0x4)
 *(.isr_vector)
 .isr_vector    0x0000000008000000      0x1c8 Src/startup_stm32f746xx.o
                0x0000000008000000                g_pfnVectors
                0x00000000080001c8                . = ALIGN (0x4)

.text           0x00000000080001c8     0x4c30
                0x00000000080001c8                . = ALIGN (0x4)
 *(.text)
 .text          0x00000000080001c8       0x40 c:/st/stm32cubeide_1.5.0/stm32cubeide/plugins/com.st.stm32cube.ide.mcu.externaltools.gnu-tools-for-stm32.7-2018-q2-update.win32_1.5.0.202011040924/tools/bin/../lib/gcc/arm-none-eabi/7.3.1/thumb/v7e-m/fpv4-sp/hard/crtbegin.o
 .text          0x0000000008000208       0x30 c:/st/stm32cubeide_1.5.0/stm32cubeide/plugins/com.st.stm32cube.ide.mcu.externaltools.gnu-tools-for-stm32.7-2018-q2-update.win32_1.5.0.202011040924/tools/bin/../lib/gcc/arm-none-eabi/7.3.1/thumb/v7e-m/fpv4-sp/hard\libgcc.a(_aeabi_uldivmod.o)
                0x0000000008000208                __aeabi_uldivmod
 .text          0x0000000008000238      0x2cc c:/st/stm32cubeide_1.5.0/stm32cubeide/plugins/com.st.stm32cube.ide.mcu.externaltools.gnu-tools-for-stm32.7-2018-q2-update.win32_1.5.0.202011040924/tools/bin/../lib/gcc/arm-none-eabi/7.3.1/thumb/v7e-m/fpv4-sp/hard\libgcc.a(_udivmoddi4.o)
                0x0000000008000238                __udivmoddi4
 .text          0x0000000008000504        0x4 c:/st/stm32cubeide_1.5.0/stm32cubeide/plugins/com.st.stm32cube.ide.mcu.externaltools.gnu-tools-for-stm32.7-2018-q2-update.win32_1.5.0.202011040924/tools/bin/../lib/gcc/arm-none-eabi/7.3.1/thumb/v7e-m/fpv4-sp/hard\libgcc.a(_dvmd_tls.o)
                0x0000000008000504                __aeabi_idiv0
                0x0000000008000504                __aeabi_ldiv0
 *(.text*)
 .text.BSP_PB_Init
                0x0000000008000508       0xb0 Drivers/BSP/STM32746G-Discovery/stm32746g_discovery.o
                0x0000000008000508                BSP_PB_Init
 .text.BSP_PB_GetState
                0x00000000080005b8       0x1c Drivers/BSP/STM32746G-Discovery/stm32746g_discovery.o
                0x00000000080005b8                BSP_PB_GetState
 .text.BSP_LCD_DisplayChar
                0x00000000080005d4      0x100 Drivers/BSP/STM32746G-Discovery/stm32746g_discovery_lcd.o
                0x00000000080005d4                BSP_LCD_DisplayChar
 .text.BSP_LCD_DisplayStringAt
                0x00000000080006d4       0xb8 Drivers/BSP/STM32746G-Discovery/stm32746g_discovery_lcd.o
                0x00000000080006d4                BSP_LCD_DisplayStringAt
 .text.HAL_MspInit
                0x000000000800078c        0x4 Drivers/STM32F7xx_HAL_Driver/Src/stm32f7xx_hal.o
                0x000000000800078c                HAL_MspInit
 .text.HAL_InitTick
                0x0000000008000790       0x48 Drivers/STM32F7xx_HAL_Driver/Src/stm32f7xx_hal.o
                0x0000000008000790                HAL_InitTick
 .text.HAL_Init
                0x00000000080007d8       0x2c Drivers/STM32F7xx_HAL_Driver/Src/stm32f7xx_hal.o
                0x00000000080007d8                HAL_Init
 .text.HAL_IncTick
                0x0000000008000804       0x18 Drivers/STM32F7xx_HAL_Driver/Src/stm32f7xx_hal.o
                0x0000000008000804                HAL_IncTick
 .text.HAL_GetTick
                0x000000000800081c        0xc Drivers/STM32F7xx_HAL_Driver/Src/stm32f7xx_hal.o
                0x000000000800081c                HAL_GetTick
 .text.HAL_NVIC_SetPriorityGrouping
                0x0000000008000828       0x28 Drivers/STM32F7xx_HAL_Driver/Src/stm32f7xx_hal_cortex.o
                0x0000000008000828                HAL_NVIC_SetPriorityGrouping
 .text.HAL_NVIC_SetPriority
                0x0000000008000850       0x6c Drivers/STM32F7xx_HAL_Driver/Src/stm32f7xx_hal_cortex.o
                0x0000000008000850                HAL_NVIC_SetPriority
 .text.HAL_NVIC_EnableIRQ
                0x00000000080008bc       0x1c Drivers/STM32F7xx_HAL_Driver/Src/stm32f7xx_hal_cortex.o
                0x00000000080008bc                HAL_NVIC_EnableIRQ
 .text.HAL_SYSTICK_Config
                0x00000000080008d8       0x30 Drivers/STM32F7xx_HAL_Driver/Src/stm32f7xx_hal_cortex.o
                0x00000000080008d8                HAL_SYSTICK_Config
 .text.HAL_GPIO_Init
                0x0000000008000908      0x23c Drivers/STM32F7xx_HAL_Driver/Src/stm32f7xx_hal_gpio.o
                0x0000000008000908                HAL_GPIO_Init
 .text.HAL_GPIO_ReadPin
                0x0000000008000b44        0xc Drivers/STM32F7xx_HAL_Driver/Src/stm32f7xx_hal_gpio.o
                0x0000000008000b44                HAL_GPIO_ReadPin
 .text.HAL_GPIO_WritePin
                0x0000000008000b50        0x8 Drivers/STM32F7xx_HAL_Driver/Src/stm32f7xx_hal_gpio.o
                0x0000000008000b50                HAL_GPIO_WritePin
 .text.HAL_PWREx_EnableOverDrive
                0x0000000008000b58       0x78 Drivers/STM32F7xx_HAL_Driver/Src/stm32f7xx_hal_pwr_ex.o
                0x0000000008000b58                HAL_PWREx_EnableOverDrive
 .text.HAL_RCC_OscConfig
                0x0000000008000bd0      0x398 Drivers/STM32F7xx_HAL_Driver/Src/stm32f7xx_hal_rcc.o
                0x0000000008000bd0                HAL_RCC_OscConfig
 .text.HAL_RCC_ClockConfig
                0x0000000008000f68      0x194 Drivers/STM32F7xx_HAL_Driver/Src/stm32f7xx_hal_rcc.o
                0x0000000008000f68                HAL_RCC_ClockConfig
 .text.HAL_RCC_GetSysClockFreq
                0x00000000080010fc       0x68 Drivers/STM32F7xx_HAL_Driver/Src/stm32f7xx_hal_rcc.o
                0x00000000080010fc                HAL_RCC_GetSysClockFreq
 .text.HAL_RCC_GetPCLK1Freq
                0x0000000008001164       0x20 Drivers/STM32F7xx_HAL_Driver/Src/stm32f7xx_hal_rcc.o
                0x0000000008001164                HAL_RCC_GetPCLK1Freq
 .text.HAL_RCC_GetPCLK2Freq
                0x0000000008001184       0x20 Drivers/STM32F7xx_HAL_Driver/Src/stm32f7xx_hal_rcc.o
                0x0000000008001184                HAL_RCC_GetPCLK2Freq
 .text.HAL_UART_Receive
                0x00000000080011a4      0x144 Drivers/STM32F7xx_HAL_Driver/Src/stm32f7xx_hal_uart.o
                0x00000000080011a4                HAL_UART_Receive
 .text.UART_AdvFeatureConfig
                0x00000000080012e8       0xb0 Drivers/STM32F7xx_HAL_Driver/Src/stm32f7xx_hal_uart.o
                0x00000000080012e8                UART_AdvFeatureConfig
 .text.HAL_UART_Init
                0x0000000008001398      0x38c Drivers/STM32F7xx_HAL_Driver/Src/stm32f7xx_hal_uart.o
                0x0000000008001398                HAL_UART_Init
 .text.startup._GLOBAL__sub_I_JpegDec
                0x0000000008001724       0x18 Src/JPEGDecoder.o
 .text.exit._GLOBAL__sub_D_JpegDec
                0x000000000800173c       0x10 Src/JPEGDecoder.o
 .text._Z13displaystringPcii
                0x000000000800174c       0x14 Src/lcd.o
                0x000000000800174c                displaystring(char*, int, int)
 .text.startup.main
                0x0000000008001760      0x6c8 Src/main.o
                0x0000000008001760                main
 .text.Reset_Handler
                0x0000000008001e28       0x50 Src/startup_stm32f746xx.o
                0x0000000008001e28                Reset_Handler
 .text.Default_Handler
                0x0000000008001e78        0x2 Src/startup_stm32f746xx.o
                0x0000000008001e78                RTC_Alarm_IRQHandler
                0x0000000008001e78                EXTI2_IRQHandler
                0x0000000008001e78                TIM8_CC_IRQHandler
                0x0000000008001e78                UART8_IRQHandler
                0x0000000008001e78                SPI4_IRQHandler
                0x0000000008001e78                TIM1_CC_IRQHandler
                0x0000000008001e78                DMA2_Stream5_IRQHandler
                0x0000000008001e78                DMA1_Stream5_IRQHandler
                0x0000000008001e78                PVD_IRQHandler
                0x0000000008001e78                TAMP_STAMP_IRQHandler
                0x0000000008001e78                CAN2_RX1_IRQHandler
                0x0000000008001e78                EXTI3_IRQHandler
                0x0000000008001e78                TIM8_TRG_COM_TIM14_IRQHandler
                0x0000000008001e78                TIM1_UP_TIM10_IRQHandler
                0x0000000008001e78                TIM8_UP_TIM13_IRQHandler
                0x0000000008001e78                I2C3_ER_IRQHandler
                0x0000000008001e78                EXTI0_IRQHandler
                0x0000000008001e78                I2C2_EV_IRQHandler
                0x0000000008001e78                DMA1_Stream2_IRQHandler
                0x0000000008001e78                CAN1_RX0_IRQHandler
                0x0000000008001e78                FPU_IRQHandler
                0x0000000008001e78                OTG_HS_WKUP_IRQHandler
                0x0000000008001e78                LTDC_ER_IRQHandler
                0x0000000008001e78                CAN2_SCE_IRQHandler
                0x0000000008001e78                DMA2_Stream2_IRQHandler
                0x0000000008001e78                SPI1_IRQHandler
                0x0000000008001e78                TIM6_DAC_IRQHandler
                0x0000000008001e78                TIM1_BRK_TIM9_IRQHandler
                0x0000000008001e78                DCMI_IRQHandler
                0x0000000008001e78                CAN2_RX0_IRQHandler
                0x0000000008001e78                DMA2_Stream3_IRQHandler
                0x0000000008001e78                SAI2_IRQHandler
                0x0000000008001e78                USART6_IRQHandler
                0x0000000008001e78                USART3_IRQHandler
                0x0000000008001e78                CAN1_RX1_IRQHandler
                0x0000000008001e78                UART5_IRQHandler
                0x0000000008001e78                DMA2_Stream0_IRQHandler
                0x0000000008001e78                TIM4_IRQHandler
                0x0000000008001e78                QUADSPI_IRQHandler
                0x0000000008001e78                I2C1_EV_IRQHandler
                0x0000000008001e78                DMA1_Stream6_IRQHandler
                0x0000000008001e78                DMA1_Stream1_IRQHandler
                0x0000000008001e78                UART4_IRQHandler
                0x0000000008001e78                TIM3_IRQHandler
                0x0000000008001e78                RCC_IRQHandler
                0x0000000008001e78                TIM8_BRK_TIM12_IRQHandler
                0x0000000008001e78                Default_Handler
                0x0000000008001e78                CEC_IRQHandler
                0x0000000008001e78                EXTI15_10_IRQHandler
                0x0000000008001e78                ADC_IRQHandler
                0x0000000008001e78                DMA1_Stream7_IRQHandler
                0x0000000008001e78                SPI5_IRQHandler
                0x0000000008001e78                TIM7_IRQHandler
                0x0000000008001e78                SDMMC1_IRQHandler
                0x0000000008001e78                CAN2_TX_IRQHandler
                0x0000000008001e78                TIM5_IRQHandler
                0x0000000008001e78                DMA2_Stream7_IRQHandler
                0x0000000008001e78                I2C3_EV_IRQHandler
                0x0000000008001e78                EXTI9_5_IRQHandler
                0x0000000008001e78                RTC_WKUP_IRQHandler
                0x0000000008001e78                LTDC_IRQHandler
                0x0000000008001e78                ETH_WKUP_IRQHandler
                0x0000000008001e78                SPDIF_RX_IRQHandler
                0x0000000008001e78                SPI2_IRQHandler
                0x0000000008001e78                OTG_HS_EP1_IN_IRQHandler
                0x0000000008001e78                DMA1_Stream0_IRQHandler
                0x0000000008001e78                CAN1_TX_IRQHandler
                0x0000000008001e78                EXTI4_IRQHandler
                0x0000000008001e78                RNG_IRQHandler
                0x0000000008001e78                ETH_IRQHandler
                0x0000000008001e78                OTG_HS_EP1_OUT_IRQHandler
                0x0000000008001e78                WWDG_IRQHandler
                0x0000000008001e78                SPI6_IRQHandler
                0x0000000008001e78                I2C4_EV_IRQHandler
                0x0000000008001e78                TIM2_IRQHandler
                0x0000000008001e78                OTG_FS_WKUP_IRQHandler
                0x0000000008001e78                TIM1_TRG_COM_TIM11_IRQHandler
                0x0000000008001e78                OTG_HS_IRQHandler
                0x0000000008001e78                DMA2D_IRQHandler
                0x0000000008001e78                EXTI1_IRQHandler
                0x0000000008001e78                UART7_IRQHandler
                0x0000000008001e78                USART2_IRQHandler
                0x0000000008001e78                I2C2_ER_IRQHandler
                0x0000000008001e78                DMA2_Stream1_IRQHandler
                0x0000000008001e78                CAN1_SCE_IRQHandler
                0x0000000008001e78                FLASH_IRQHandler
                0x0000000008001e78                DMA2_Stream4_IRQHandler
                0x0000000008001e78                USART1_IRQHandler
                0x0000000008001e78                OTG_FS_IRQHandler
                0x0000000008001e78                SPI3_IRQHandler
                0x0000000008001e78                DMA1_Stream4_IRQHandler
                0x0000000008001e78                I2C1_ER_IRQHandler
                0x0000000008001e78                FMC_IRQHandler
                0x0000000008001e78                LPTIM1_IRQHandler
                0x0000000008001e78                I2C4_ER_IRQHandler
                0x0000000008001e78                DMA2_Stream6_IRQHandler
                0x0000000008001e78                SAI1_IRQHandler
                0x0000000008001e78                DMA1_Stream3_IRQHandler
 *fill*         0x0000000008001e7a        0x2 
 .text.HAL_UART_MspInit
                0x0000000008001e7c       0xe0 Src/stm32f7xx_hal_msp.o
                0x0000000008001e7c                HAL_UART_MspInit
 .text.NMI_Handler
                0x0000000008001f5c        0x4 Src/stm32f7xx_it.o
                0x0000000008001f5c                NMI_Handler
 .text.HardFault_Handler
                0x0000000008001f60        0x4 Src/stm32f7xx_it.o
                0x0000000008001f60                HardFault_Handler
 .text.MemManage_Handler
                0x0000000008001f64        0x4 Src/stm32f7xx_it.o
                0x0000000008001f64                MemManage_Handler
 .text.BusFault_Handler
                0x0000000008001f68        0x4 Src/stm32f7xx_it.o
                0x0000000008001f68                BusFault_Handler
 .text.UsageFault_Handler
                0x0000000008001f6c        0x4 Src/stm32f7xx_it.o
                0x0000000008001f6c                UsageFault_Handler
 .text.SVC_Handler
                0x0000000008001f70        0x4 Src/stm32f7xx_it.o
                0x0000000008001f70                SVC_Handler
 .text.DebugMon_Handler
                0x0000000008001f74        0x4 Src/stm32f7xx_it.o
                0x0000000008001f74                DebugMon_Handler
 .text.PendSV_Handler
                0x0000000008001f78        0x4 Src/stm32f7xx_it.o
                0x0000000008001f78                PendSV_Handler
 .text.SysTick_Handler
                0x0000000008001f7c        0x4 Src/stm32f7xx_it.o
                0x0000000008001f7c                SysTick_Handler
 .text.SystemInit
                0x0000000008001f80       0x50 Src/system_stm32f7xx.o
                0x0000000008001f80                SystemInit
 .text.depthwise_kernel3x3_stride1_inplace_CHW_fpreq
                0x0000000008001fd0      0x5ec Src/TinyEngine/codegen/Source/depthwise_kernel3x3_stride1_inplace_CHW_fpreq.o
                0x0000000008001fd0                depthwise_kernel3x3_stride1_inplace_CHW_fpreq
 .text.depthwise_kernel7x7_stride1_inplace_kernel_CHW_fpreq
                0x00000000080025bc      0x784 Src/TinyEngine/codegen/Source/depthwise_kernel7x7_stride1_inplace_CHW_fpreq.o
                0x00000000080025bc                depthwise_kernel7x7_stride1_inplace_kernel_CHW_fpreq
 .text.depthwise_kernel7x7_stride1_inplace_CHW_fpreq
                0x0000000008002d40      0x1cc Src/TinyEngine/codegen/Source/depthwise_kernel7x7_stride1_inplace_CHW_fpreq.o
                0x0000000008002d40                depthwise_kernel7x7_stride1_inplace_CHW_fpreq
 .text.getInput
                0x0000000008002f0c        0x8 Src/TinyEngine/codegen/Source/genModel.o
                0x0000000008002f0c                getInput
 .text.getOutput
                0x0000000008002f14        0x8 Src/TinyEngine/codegen/Source/genModel.o
                0x0000000008002f14                getOutput
 .text.invoke_inf
                0x0000000008002f1c      0x364 Src/TinyEngine/codegen/Source/genModel.o
                0x0000000008002f1c                invoke_inf
 .text.convolve_1x1_s8_fpreq
                0x0000000008003280      0x1c8 Src/TinyEngine/src/kernels/fp_requantize_op/convolve_1x1_s8_fpreq.o
                0x0000000008003280                convolve_1x1_s8_fpreq
 .text.convolve_1x1_s8_fpreq_bitmask
                0x0000000008003448      0x244 Src/TinyEngine/src/kernels/fp_requantize_op/convolve_1x1_s8_fpreq_mask.o
                0x0000000008003448                convolve_1x1_s8_fpreq_bitmask
 .text.convolve_s8_kernel3_inputch3_stride2_pad1_fpreq
                0x000000000800368c      0x5a8 Src/TinyEngine/src/kernels/fp_requantize_op/convolve_s8_kernel3_inputch3_stride2_pad1_fpreq.o
                0x000000000800368c                convolve_s8_kernel3_inputch3_stride2_pad1_fpreq
 .text.mat_mult_kernel_s8_s16_reordered_fpreq
                0x0000000008003c34      0x2a4 Src/TinyEngine/src/kernels/fp_requantize_op/mat_mul_kernels_fpreq.o
                0x0000000008003c34                mat_mult_kernel_s8_s16_reordered_fpreq
 .text.mat_mult_kernel_s8_s16_reordered_fpreq_bitmask
                0x0000000008003ed8      0x2bc Src/TinyEngine/src/kernels/fp_requantize_op/mat_mul_kernels_fpreq.o
                0x0000000008003ed8                mat_mult_kernel_s8_s16_reordered_fpreq_bitmask
 .text.mat_mult_kernel3_input3_s8_s16_fpreq
                0x0000000008004194      0x2d4 Src/TinyEngine/src/kernels/fp_requantize_op/mat_mul_kernels_fpreq.o
                0x0000000008004194                mat_mult_kernel3_input3_s8_s16_fpreq
 .text.avg_pooling
                0x0000000008004468       0xe0 Src/TinyEngine/src/kernels/int_forward_op/avgpooling.o
                0x0000000008004468                avg_pooling
 .text._ZdaPv   0x0000000008004548        0x4 c:/st/stm32cubeide_1.5.0/stm32cubeide/plugins/com.st.stm32cube.ide.mcu.externaltools.gnu-tools-for-stm32.7-2018-q2-update.win32_1.5.0.202011040924/tools/bin/../lib/gcc/arm-none-eabi/7.3.1/../../../../arm-none-eabi/lib/thumb/v7e-m/fpv4-sp/hard\libstdc++.a(del_opv.o)
                0x0000000008004548                operator delete[](void*)
 .text._ZdlPv   0x000000000800454c        0x4 c:/st/stm32cubeide_1.5.0/stm32cubeide/plugins/com.st.stm32cube.ide.mcu.externaltools.gnu-tools-for-stm32.7-2018-q2-update.win32_1.5.0.202011040924/tools/bin/../lib/gcc/arm-none-eabi/7.3.1/../../../../arm-none-eabi/lib/thumb/v7e-m/fpv4-sp/hard\libstdc++.a(del_op.o)
                0x000000000800454c                operator delete(void*)
 .text.startup._GLOBAL__sub_I__ZN9__gnu_cxx9__freeresEv
                0x0000000008004550       0x28 c:/st/stm32cubeide_1.5.0/stm32cubeide/plugins/com.st.stm32cube.ide.mcu.externaltools.gnu-tools-for-stm32.7-2018-q2-update.win32_1.5.0.202011040924/tools/bin/../lib/gcc/arm-none-eabi/7.3.1/../../../../arm-none-eabi/lib/thumb/v7e-m/fpv4-sp/hard\libstdc++.a(eh_alloc.o)
 .text.__errno  0x0000000008004578        0xc c:/st/stm32cubeide_1.5.0/stm32cubeide/plugins/com.st.stm32cube.ide.mcu.externaltools.gnu-tools-for-stm32.7-2018-q2-update.win32_1.5.0.202011040924/tools/bin/../lib/gcc/arm-none-eabi/7.3.1/../../../../arm-none-eabi/lib/thumb/v7e-m/fpv4-sp/hard\libc.a(lib_a-errno.o)
                0x0000000008004578                __errno
 .text.__libc_init_array
                0x0000000008004584       0x48 c:/st/stm32cubeide_1.5.0/stm32cubeide/plugins/com.st.stm32cube.ide.mcu.externaltools.gnu-tools-for-stm32.7-2018-q2-update.win32_1.5.0.202011040924/tools/bin/../lib/gcc/arm-none-eabi/7.3.1/../../../../arm-none-eabi/lib/thumb/v7e-m/fpv4-sp/hard\libc.a(lib_a-init.o)
                0x0000000008004584                __libc_init_array
 .text.__retarget_lock_acquire_recursive
                0x00000000080045cc        0x2 c:/st/stm32cubeide_1.5.0/stm32cubeide/plugins/com.st.stm32cube.ide.mcu.externaltools.gnu-tools-for-stm32.7-2018-q2-update.win32_1.5.0.202011040924/tools/bin/../lib/gcc/arm-none-eabi/7.3.1/../../../../arm-none-eabi/lib/thumb/v7e-m/fpv4-sp/hard\libc.a(lib_a-lock.o)
                0x00000000080045cc                __retarget_lock_acquire_recursive
 .text.__retarget_lock_release_recursive
                0x00000000080045ce        0x2 c:/st/stm32cubeide_1.5.0/stm32cubeide/plugins/com.st.stm32cube.ide.mcu.externaltools.gnu-tools-for-stm32.7-2018-q2-update.win32_1.5.0.202011040924/tools/bin/../lib/gcc/arm-none-eabi/7.3.1/../../../../arm-none-eabi/lib/thumb/v7e-m/fpv4-sp/hard\libc.a(lib_a-lock.o)
                0x00000000080045ce                __retarget_lock_release_recursive
 .text.malloc   0x00000000080045d0       0x10 c:/st/stm32cubeide_1.5.0/stm32cubeide/plugins/com.st.stm32cube.ide.mcu.externaltools.gnu-tools-for-stm32.7-2018-q2-update.win32_1.5.0.202011040924/tools/bin/../lib/gcc/arm-none-eabi/7.3.1/../../../../arm-none-eabi/lib/thumb/v7e-m/fpv4-sp/hard\libc.a(lib_a-malloc.o)
                0x00000000080045d0                malloc
 .text.free     0x00000000080045e0       0x10 c:/st/stm32cubeide_1.5.0/stm32cubeide/plugins/com.st.stm32cube.ide.mcu.externaltools.gnu-tools-for-stm32.7-2018-q2-update.win32_1.5.0.202011040924/tools/bin/../lib/gcc/arm-none-eabi/7.3.1/../../../../arm-none-eabi/lib/thumb/v7e-m/fpv4-sp/hard\libc.a(lib_a-malloc.o)
                0x00000000080045e0                free
 .text._malloc_r
                0x00000000080045f0      0x46c c:/st/stm32cubeide_1.5.0/stm32cubeide/plugins/com.st.stm32cube.ide.mcu.externaltools.gnu-tools-for-stm32.7-2018-q2-update.win32_1.5.0.202011040924/tools/bin/../lib/gcc/arm-none-eabi/7.3.1/../../../../arm-none-eabi/lib/thumb/v7e-m/fpv4-sp/hard\libc.a(lib_a-mallocr.o)
                0x00000000080045f0                _malloc_r
 .text.__malloc_lock
                0x0000000008004a5c        0xc c:/st/stm32cubeide_1.5.0/stm32cubeide/plugins/com.st.stm32cube.ide.mcu.externaltools.gnu-tools-for-stm32.7-2018-q2-update.win32_1.5.0.202011040924/tools/bin/../lib/gcc/arm-none-eabi/7.3.1/../../../../arm-none-eabi/lib/thumb/v7e-m/fpv4-sp/hard\libc.a(lib_a-mlock.o)
                0x0000000008004a5c                __malloc_lock
 .text.__malloc_unlock
                0x0000000008004a68        0xc c:/st/stm32cubeide_1.5.0/stm32cubeide/plugins/com.st.stm32cube.ide.mcu.externaltools.gnu-tools-for-stm32.7-2018-q2-update.win32_1.5.0.202011040924/tools/bin/../lib/gcc/arm-none-eabi/7.3.1/../../../../arm-none-eabi/lib/thumb/v7e-m/fpv4-sp/hard\libc.a(lib_a-mlock.o)
                0x0000000008004a68                __malloc_unlock
 .text._sbrk_r  0x0000000008004a74       0x20 c:/st/stm32cubeide_1.5.0/stm32cubeide/plugins/com.st.stm32cube.ide.mcu.externaltools.gnu-tools-for-stm32.7-2018-q2-update.win32_1.5.0.202011040924/tools/bin/../lib/gcc/arm-none-eabi/7.3.1/../../../../arm-none-eabi/lib/thumb/v7e-m/fpv4-sp/hard\libc.a(lib_a-sbrkr.o)
                0x0000000008004a74                _sbrk_r
 .text.sysconf  0x0000000008004a94       0x1a c:/st/stm32cubeide_1.5.0/stm32cubeide/plugins/com.st.stm32cube.ide.mcu.externaltools.gnu-tools-for-stm32.7-2018-q2-update.win32_1.5.0.202011040924/tools/bin/../lib/gcc/arm-none-eabi/7.3.1/../../../../arm-none-eabi/lib/thumb/v7e-m/fpv4-sp/hard\libc.a(lib_a-sysconf.o)
                0x0000000008004a94                sysconf
 *fill*         0x0000000008004aae        0x2 
 .text.startup.register_fini
                0x0000000008004ab0       0x14 c:/st/stm32cubeide_1.5.0/stm32cubeide/plugins/com.st.stm32cube.ide.mcu.externaltools.gnu-tools-for-stm32.7-2018-q2-update.win32_1.5.0.202011040924/tools/bin/../lib/gcc/arm-none-eabi/7.3.1/../../../../arm-none-eabi/lib/thumb/v7e-m/fpv4-sp/hard\libc.a(lib_a-__call_atexit.o)
 .text.atexit   0x0000000008004ac4        0xc c:/st/stm32cubeide_1.5.0/stm32cubeide/plugins/com.st.stm32cube.ide.mcu.externaltools.gnu-tools-for-stm32.7-2018-q2-update.win32_1.5.0.202011040924/tools/bin/../lib/gcc/arm-none-eabi/7.3.1/../../../../arm-none-eabi/lib/thumb/v7e-m/fpv4-sp/hard\libc.a(lib_a-atexit.o)
                0x0000000008004ac4                atexit
 .text.__libc_fini_array
                0x0000000008004ad0       0x28 c:/st/stm32cubeide_1.5.0/stm32cubeide/plugins/com.st.stm32cube.ide.mcu.externaltools.gnu-tools-for-stm32.7-2018-q2-update.win32_1.5.0.202011040924/tools/bin/../lib/gcc/arm-none-eabi/7.3.1/../../../../arm-none-eabi/lib/thumb/v7e-m/fpv4-sp/hard\libc.a(lib_a-fini.o)
                0x0000000008004ad0                __libc_fini_array
 .text._malloc_trim_r
                0x0000000008004af8       0xa8 c:/st/stm32cubeide_1.5.0/stm32cubeide/plugins/com.st.stm32cube.ide.mcu.externaltools.gnu-tools-for-stm32.7-2018-q2-update.win32_1.5.0.202011040924/tools/bin/../lib/gcc/arm-none-eabi/7.3.1/../../../../arm-none-eabi/lib/thumb/v7e-m/fpv4-sp/hard\libc.a(lib_a-freer.o)
                0x0000000008004af8                _malloc_trim_r
 .text._free_r  0x0000000008004ba0      0x178 c:/st/stm32cubeide_1.5.0/stm32cubeide/plugins/com.st.stm32cube.ide.mcu.externaltools.gnu-tools-for-stm32.7-2018-q2-update.win32_1.5.0.202011040924/tools/bin/../lib/gcc/arm-none-eabi/7.3.1/../../../../arm-none-eabi/lib/thumb/v7e-m/fpv4-sp/hard\libc.a(lib_a-freer.o)
                0x0000000008004ba0                _free_r
 .text.__register_exitproc
                0x0000000008004d18       0xac c:/st/stm32cubeide_1.5.0/stm32cubeide/plugins/com.st.stm32cube.ide.mcu.externaltools.gnu-tools-for-stm32.7-2018-q2-update.win32_1.5.0.202011040924/tools/bin/../lib/gcc/arm-none-eabi/7.3.1/../../../../arm-none-eabi/lib/thumb/v7e-m/fpv4-sp/hard\libc.a(lib_a-__atexit.o)
                0x0000000008004d18                __register_exitproc
 .text._sbrk    0x0000000008004dc4       0x1c c:/st/stm32cubeide_1.5.0/stm32cubeide/plugins/com.st.stm32cube.ide.mcu.externaltools.gnu-tools-for-stm32.7-2018-q2-update.win32_1.5.0.202011040924/tools/bin/../lib/gcc/arm-none-eabi/7.3.1/../../../../arm-none-eabi/lib/thumb/v7e-m/fpv4-sp/hard\libnosys.a(sbrk.o)
                0x0000000008004dc4                _sbrk
 *(.glue_7)
 .glue_7        0x0000000008004de0        0x0 linker stubs
 *(.glue_7t)
 .glue_7t       0x0000000008004de0        0x0 linker stubs
 *(.eh_frame)
 .eh_frame      0x0000000008004de0        0x0 c:/st/stm32cubeide_1.5.0/stm32cubeide/plugins/com.st.stm32cube.ide.mcu.externaltools.gnu-tools-for-stm32.7-2018-q2-update.win32_1.5.0.202011040924/tools/bin/../lib/gcc/arm-none-eabi/7.3.1/thumb/v7e-m/fpv4-sp/hard/crtbegin.o
 *(.init)
 .init          0x0000000008004de0        0x4 c:/st/stm32cubeide_1.5.0/stm32cubeide/plugins/com.st.stm32cube.ide.mcu.externaltools.gnu-tools-for-stm32.7-2018-q2-update.win32_1.5.0.202011040924/tools/bin/../lib/gcc/arm-none-eabi/7.3.1/thumb/v7e-m/fpv4-sp/hard/crti.o
                0x0000000008004de0                _init
 .init          0x0000000008004de4        0x8 c:/st/stm32cubeide_1.5.0/stm32cubeide/plugins/com.st.stm32cube.ide.mcu.externaltools.gnu-tools-for-stm32.7-2018-q2-update.win32_1.5.0.202011040924/tools/bin/../lib/gcc/arm-none-eabi/7.3.1/thumb/v7e-m/fpv4-sp/hard/crtn.o
 *(.fini)
 .fini          0x0000000008004dec        0x4 c:/st/stm32cubeide_1.5.0/stm32cubeide/plugins/com.st.stm32cube.ide.mcu.externaltools.gnu-tools-for-stm32.7-2018-q2-update.win32_1.5.0.202011040924/tools/bin/../lib/gcc/arm-none-eabi/7.3.1/thumb/v7e-m/fpv4-sp/hard/crti.o
                0x0000000008004dec                _fini
 .fini          0x0000000008004df0        0x8 c:/st/stm32cubeide_1.5.0/stm32cubeide/plugins/com.st.stm32cube.ide.mcu.externaltools.gnu-tools-for-stm32.7-2018-q2-update.win32_1.5.0.202011040924/tools/bin/../lib/gcc/arm-none-eabi/7.3.1/thumb/v7e-m/fpv4-sp/hard/crtn.o
                0x0000000008004df8                . = ALIGN (0x4)
                0x0000000008004df8                _etext = .

.vfp11_veneer   0x0000000008004df8        0x0
 .vfp11_veneer  0x0000000008004df8        0x0 linker stubs

.v4_bx          0x0000000008004df8        0x0
 .v4_bx         0x0000000008004df8        0x0 linker stubs

.iplt           0x0000000008004df8        0x0
 .iplt          0x0000000008004df8        0x0 c:/st/stm32cubeide_1.5.0/stm32cubeide/plugins/com.st.stm32cube.ide.mcu.externaltools.gnu-tools-for-stm32.7-2018-q2-update.win32_1.5.0.202011040924/tools/bin/../lib/gcc/arm-none-eabi/7.3.1/thumb/v7e-m/fpv4-sp/hard/crtbegin.o

.rodata         0x0000000008004df8     0x6bb4
                0x0000000008004df8                . = ALIGN (0x4)
 *(.rodata)
 *(.rodata*)
 .rodata.BUTTON_IRQn
                0x0000000008004df8        0x6 Drivers/BSP/STM32746G-Discovery/stm32746g_discovery.o
                0x0000000008004df8                BUTTON_IRQn
 *fill*         0x0000000008004dfe        0x2 
 .rodata.BUTTON_PIN
                0x0000000008004e00        0x6 Drivers/BSP/STM32746G-Discovery/stm32746g_discovery.o
                0x0000000008004e00                BUTTON_PIN
 *fill*         0x0000000008004e06        0x2 
 .rodata.CSWTCH.40
                0x0000000008004e08        0x4 Drivers/STM32F7xx_HAL_Driver/Src/stm32f7xx_hal_uart.o
 .rodata.CSWTCH.41
                0x0000000008004e0c        0xd Drivers/STM32F7xx_HAL_Driver/Src/stm32f7xx_hal_uart.o
 *fill*         0x0000000008004e19        0x3 
 .rodata.main.str1.4
                0x0000000008004e1c        0xc Src/main.o
 .rodata.AHBPrescTable
                0x0000000008004e28       0x10 Src/system_stm32f7xx.o
                0x0000000008004e28                AHBPrescTable
 .rodata.APBPrescTable
                0x0000000008004e38        0x8 Src/system_stm32f7xx.o
                0x0000000008004e38                APBPrescTable
 .rodata.CHWweight1
                0x0000000008004e40      0xc40 Src/TinyEngine/codegen/Source/genModel.o
                0x0000000008004e40                CHWweight1
 .rodata.CHWweight3
                0x0000000008005a80      0x240 Src/TinyEngine/codegen/Source/genModel.o
                0x0000000008005a80                CHWweight3
 .rodata.CHWweight5
                0x0000000008005cc0      0x240 Src/TinyEngine/codegen/Source/genModel.o
                0x0000000008005cc0                CHWweight5
 .rodata.CHWweight7
                0x0000000008005f00      0x240 Src/TinyEngine/codegen/Source/genModel.o
                0x0000000008005f00                CHWweight7
 .rodata.bias0  0x0000000008006140      0x100 Src/TinyEngine/codegen/Source/genModel.o
                0x0000000008006140                bias0
 .rodata.bias2  0x0000000008006240      0x100 Src/TinyEngine/codegen/Source/genModel.o
                0x0000000008006240                bias2
 .rodata.bias4  0x0000000008006340      0x100 Src/TinyEngine/codegen/Source/genModel.o
                0x0000000008006340                bias4
 .rodata.bias6  0x0000000008006440      0x100 Src/TinyEngine/codegen/Source/genModel.o
                0x0000000008006440                bias6
 .rodata.bias8  0x0000000008006540      0x100 Src/TinyEngine/codegen/Source/genModel.o
                0x0000000008006540                bias8
 .rodata.offsetBias1
                0x0000000008006640      0x100 Src/TinyEngine/codegen/Source/genModel.o
                0x0000000008006640                offsetBias1
 .rodata.offsetBias3
                0x0000000008006740      0x100 Src/TinyEngine/codegen/Source/genModel.o
                0x0000000008006740                offsetBias3
 .rodata.offsetBias5
                0x0000000008006840      0x100 Src/TinyEngine/codegen/Source/genModel.o
                0x0000000008006840                offsetBias5
 .rodata.offsetBias7
                0x0000000008006940      0x100 Src/TinyEngine/codegen/Source/genModel.o
                0x0000000008006940                offsetBias7
 .rodata.offsetRBias1
                0x0000000008006a40      0x100 Src/TinyEngine/codegen/Source/genModel.o
                0x0000000008006a40                offsetRBias1
 .rodata.offsetRBias3
                0x0000000008006b40      0x100 Src/TinyEngine/codegen/Source/genModel.o
                0x0000000008006b40                offsetRBias3
 .rodata.offsetRBias5
                0x0000000008006c40      0x100 Src/TinyEngine/codegen/Source/genModel.o
                0x0000000008006c40                offsetRBias5
 .rodata.offsetRBias7
                0x0000000008006d40      0x100 Src/TinyEngine/codegen/Source/genModel.o
                0x0000000008006d40                offsetRBias7
 .rodata.scales0
                0x0000000008006e40      0x100 Src/TinyEngine/codegen/Source/genModel.o
                0x0000000008006e40                scales0
 .rodata.scales1
                0x0000000008006f40      0x100 Src/TinyEngine/codegen/Source/genModel.o
                0x0000000008006f40                scales1
 .rodata.scales2
                0x0000000008007040      0x100 Src/TinyEngine/codegen/Source/genModel.o
                0x0000000008007040                scales2
 .rodata.scales3
                0x0000000008007140      0x100 Src/TinyEngine/codegen/Source/genModel.o
                0x0000000008007140                scales3
 .rodata.scales4
                0x0000000008007240      0x100 Src/TinyEngine/codegen/Source/genModel.o
                0x0000000008007240                scales4
 .rodata.scales5
                0x0000000008007340      0x100 Src/TinyEngine/codegen/Source/genModel.o
                0x0000000008007340                scales5
 .rodata.scales6
                0x0000000008007440      0x100 Src/TinyEngine/codegen/Source/genModel.o
                0x0000000008007440                scales6
 .rodata.scales7
                0x0000000008007540      0x100 Src/TinyEngine/codegen/Source/genModel.o
                0x0000000008007540                scales7
 .rodata.scales8
                0x0000000008007640      0x100 Src/TinyEngine/codegen/Source/genModel.o
                0x0000000008007640                scales8
 .rodata.scales9
                0x0000000008007740       0x28 Src/TinyEngine/codegen/Source/genModel.o
                0x0000000008007740                scales9
 .rodata.weight0
                0x0000000008007768      0x240 Src/TinyEngine/codegen/Source/genModel.o
                0x0000000008007768                weight0
 .rodata.weight2
                0x00000000080079a8     0x1000 Src/TinyEngine/codegen/Source/genModel.o
                0x00000000080079a8                weight2
 .rodata.weight4
                0x00000000080089a8     0x1000 Src/TinyEngine/codegen/Source/genModel.o
                0x00000000080089a8                weight4
 .rodata.weight6
                0x00000000080099a8     0x1000 Src/TinyEngine/codegen/Source/genModel.o
                0x00000000080099a8                weight6
 .rodata.weight8
                0x000000000800a9a8     0x1000 Src/TinyEngine/codegen/Source/genModel.o
                0x000000000800a9a8                weight8
 .rodata._global_impure_ptr
                0x000000000800b9a8        0x4 c:/st/stm32cubeide_1.5.0/stm32cubeide/plugins/com.st.stm32cube.ide.mcu.externaltools.gnu-tools-for-stm32.7-2018-q2-update.win32_1.5.0.202011040924/tools/bin/../lib/gcc/arm-none-eabi/7.3.1/../../../../arm-none-eabi/lib/thumb/v7e-m/fpv4-sp/hard\libc.a(lib_a-impure.o)
                0x000000000800b9a8                _global_impure_ptr
                0x000000000800b9ac                . = ALIGN (0x4)

.ARM.extab
 *(.ARM.extab* .gnu.linkonce.armextab.*)

.ARM            0x000000000800b9ac        0x8
                0x000000000800b9ac                __exidx_start = .
 *(.ARM.exidx*)
 .ARM.exidx.text._ZdaPv
                0x000000000800b9b4        0x0 c:/st/stm32cubeide_1.5.0/stm32cubeide/plugins/com.st.stm32cube.ide.mcu.externaltools.gnu-tools-for-stm32.7-2018-q2-update.win32_1.5.0.202011040924/tools/bin/../lib/gcc/arm-none-eabi/7.3.1/../../../../arm-none-eabi/lib/thumb/v7e-m/fpv4-sp/hard\libstdc++.a(del_opv.o)
                                          0x8 (size before relaxing)
 .ARM.exidx.text._ZdlPv
                0x000000000800b9b4        0x0 c:/st/stm32cubeide_1.5.0/stm32cubeide/plugins/com.st.stm32cube.ide.mcu.externaltools.gnu-tools-for-stm32.7-2018-q2-update.win32_1.5.0.202011040924/tools/bin/../lib/gcc/arm-none-eabi/7.3.1/../../../../arm-none-eabi/lib/thumb/v7e-m/fpv4-sp/hard\libstdc++.a(del_op.o)
                                          0x8 (size before relaxing)
 .ARM.exidx.text.startup._GLOBAL__sub_I__ZN9__gnu_cxx9__freeresEv
                0x000000000800b9b4        0x0 c:/st/stm32cubeide_1.5.0/stm32cubeide/plugins/com.st.stm32cube.ide.mcu.externaltools.gnu-tools-for-stm32.7-2018-q2-update.win32_1.5.0.202011040924/tools/bin/../lib/gcc/arm-none-eabi/7.3.1/../../../../arm-none-eabi/lib/thumb/v7e-m/fpv4-sp/hard\libstdc++.a(eh_alloc.o)
                                          0x8 (size before relaxing)
 .ARM.exidx     0x000000000800b9ac        0x8 c:/st/stm32cubeide_1.5.0/stm32cubeide/plugins/com.st.stm32cube.ide.mcu.externaltools.gnu-tools-for-stm32.7-2018-q2-update.win32_1.5.0.202011040924/tools/bin/../lib/gcc/arm-none-eabi/7.3.1/thumb/v7e-m/fpv4-sp/hard\libgcc.a(_udivmoddi4.o)
                0x000000000800b9b4                __exidx_end = .

.rel.dyn        0x000000000800b9b4        0x0
 .rel.iplt      0x000000000800b9b4        0x0 c:/st/stm32cubeide_1.5.0/stm32cubeide/plugins/com.st.stm32cube.ide.mcu.externaltools.gnu-tools-for-stm32.7-2018-q2-update.win32_1.5.0.202011040924/tools/bin/../lib/gcc/arm-none-eabi/7.3.1/thumb/v7e-m/fpv4-sp/hard/crtbegin.o

.preinit_array  0x000000000800b9b4        0x0
                0x000000000800b9b4                PROVIDE (__preinit_array_start = .)
 *(.preinit_array*)
                0x000000000800b9b4                PROVIDE (__preinit_array_end = .)

.init_array     0x000000000800b9b4       0x10
                0x000000000800b9b4                PROVIDE (__init_array_start = .)
 *(SORT_BY_NAME(.init_array.*))
 .init_array.00000
                0x000000000800b9b4        0x4 c:/st/stm32cubeide_1.5.0/stm32cubeide/plugins/com.st.stm32cube.ide.mcu.externaltools.gnu-tools-for-stm32.7-2018-q2-update.win32_1.5.0.202011040924/tools/bin/../lib/gcc/arm-none-eabi/7.3.1/../../../../arm-none-eabi/lib/thumb/v7e-m/fpv4-sp/hard\libc.a(lib_a-__call_atexit.o)
 *(.init_array*)
 .init_array    0x000000000800b9b8        0x4 c:/st/stm32cubeide_1.5.0/stm32cubeide/plugins/com.st.stm32cube.ide.mcu.externaltools.gnu-tools-for-stm32.7-2018-q2-update.win32_1.5.0.202011040924/tools/bin/../lib/gcc/arm-none-eabi/7.3.1/thumb/v7e-m/fpv4-sp/hard/crtbegin.o
 .init_array    0x000000000800b9bc        0x4 Src/JPEGDecoder.o
 .init_array    0x000000000800b9c0        0x4 c:/st/stm32cubeide_1.5.0/stm32cubeide/plugins/com.st.stm32cube.ide.mcu.externaltools.gnu-tools-for-stm32.7-2018-q2-update.win32_1.5.0.202011040924/tools/bin/../lib/gcc/arm-none-eabi/7.3.1/../../../../arm-none-eabi/lib/thumb/v7e-m/fpv4-sp/hard\libstdc++.a(eh_alloc.o)
                0x000000000800b9c4                PROVIDE (__init_array_end = .)

.fini_array     0x000000000800b9c4        0x8
                0x000000000800b9c4                PROVIDE (__fini_array_start = .)
 *(SORT_BY_NAME(.fini_array.*))
 *(.fini_array*)
 .fini_array    0x000000000800b9c4        0x4 c:/st/stm32cubeide_1.5.0/stm32cubeide/plugins/com.st.stm32cube.ide.mcu.externaltools.gnu-tools-for-stm32.7-2018-q2-update.win32_1.5.0.202011040924/tools/bin/../lib/gcc/arm-none-eabi/7.3.1/thumb/v7e-m/fpv4-sp/hard/crtbegin.o
 .fini_array    0x000000000800b9c8        0x4 Src/JPEGDecoder.o
                0x000000000800b9cc                PROVIDE (__fini_array_end = .)
                0x000000000800b9cc                _sidata = LOADADDR (.data)

.data           0x0000000020000000     0x1284 load address 0x000000000800b9cc
                0x0000000020000000                . = ALIGN (0x4)
                0x0000000020000000                _sdata = .
 *(.data)
 *(.data*)
 .data.BUTTON_PORT
                0x0000000020000000        0xc Drivers/BSP/STM32746G-Discovery/stm32746g_discovery.o
                0x0000000020000000                BUTTON_PORT
 .data.uwTickFreq
                0x000000002000000c        0x1 Drivers/STM32F7xx_HAL_Driver/Src/stm32f7xx_hal.o
                0x000000002000000c                uwTickFreq
 *fill*         0x000000002000000d        0x3 
 .data.uwTickPrio
                0x0000000020000010        0x4 Drivers/STM32F7xx_HAL_Driver/Src/stm32f7xx_hal.o
                0x0000000020000010                uwTickPrio
 .data.in0      0x0000000020000014      0x7a8 Src/main.o
                0x0000000020000014                in0
 .data.SystemCoreClock
                0x00000000200007bc        0x4 Src/system_stm32f7xx.o
                0x00000000200007bc                SystemCoreClock
 .data.weight9  0x00000000200007c0      0x280 Src/TinyEngine/codegen/Source/genModel.o
                0x00000000200007c0                weight9
 .data._impure_ptr
                0x0000000020000a40        0x4 c:/st/stm32cubeide_1.5.0/stm32cubeide/plugins/com.st.stm32cube.ide.mcu.externaltools.gnu-tools-for-stm32.7-2018-q2-update.win32_1.5.0.202011040924/tools/bin/../lib/gcc/arm-none-eabi/7.3.1/../../../../arm-none-eabi/lib/thumb/v7e-m/fpv4-sp/hard\libc.a(lib_a-impure.o)
                0x0000000020000a40                _impure_ptr
 *fill*         0x0000000020000a44        0x4 
 .data.impure_data
                0x0000000020000a48      0x428 c:/st/stm32cubeide_1.5.0/stm32cubeide/plugins/com.st.stm32cube.ide.mcu.externaltools.gnu-tools-for-stm32.7-2018-q2-update.win32_1.5.0.202011040924/tools/bin/../lib/gcc/arm-none-eabi/7.3.1/../../../../arm-none-eabi/lib/thumb/v7e-m/fpv4-sp/hard\libc.a(lib_a-impure.o)
 .data.__malloc_av_
                0x0000000020000e70      0x408 c:/st/stm32cubeide_1.5.0/stm32cubeide/plugins/com.st.stm32cube.ide.mcu.externaltools.gnu-tools-for-stm32.7-2018-q2-update.win32_1.5.0.202011040924/tools/bin/../lib/gcc/arm-none-eabi/7.3.1/../../../../arm-none-eabi/lib/thumb/v7e-m/fpv4-sp/hard\libc.a(lib_a-mallocr.o)
                0x0000000020000e70                __malloc_av_
 .data.__malloc_sbrk_base
                0x0000000020001278        0x4 c:/st/stm32cubeide_1.5.0/stm32cubeide/plugins/com.st.stm32cube.ide.mcu.externaltools.gnu-tools-for-stm32.7-2018-q2-update.win32_1.5.0.202011040924/tools/bin/../lib/gcc/arm-none-eabi/7.3.1/../../../../arm-none-eabi/lib/thumb/v7e-m/fpv4-sp/hard\libc.a(lib_a-mallocr.o)
                0x0000000020001278                __malloc_sbrk_base
 .data.__malloc_trim_threshold
                0x000000002000127c        0x4 c:/st/stm32cubeide_1.5.0/stm32cubeide/plugins/com.st.stm32cube.ide.mcu.externaltools.gnu-tools-for-stm32.7-2018-q2-update.win32_1.5.0.202011040924/tools/bin/../lib/gcc/arm-none-eabi/7.3.1/../../../../arm-none-eabi/lib/thumb/v7e-m/fpv4-sp/hard\libc.a(lib_a-mallocr.o)
                0x000000002000127c                __malloc_trim_threshold
 .data.__atexit_recursive_mutex
                0x0000000020001280        0x4 c:/st/stm32cubeide_1.5.0/stm32cubeide/plugins/com.st.stm32cube.ide.mcu.externaltools.gnu-tools-for-stm32.7-2018-q2-update.win32_1.5.0.202011040924/tools/bin/../lib/gcc/arm-none-eabi/7.3.1/../../../../arm-none-eabi/lib/thumb/v7e-m/fpv4-sp/hard\libc.a(lib_a-__call_atexit.o)
                0x0000000020001280                __atexit_recursive_mutex
                0x0000000020001284                . = ALIGN (0x4)
                0x0000000020001284                _edata = .

.igot.plt       0x0000000020001284        0x0 load address 0x000000000800cc50
 .igot.plt      0x0000000020001284        0x0 c:/st/stm32cubeide_1.5.0/stm32cubeide/plugins/com.st.stm32cube.ide.mcu.externaltools.gnu-tools-for-stm32.7-2018-q2-update.win32_1.5.0.202011040924/tools/bin/../lib/gcc/arm-none-eabi/7.3.1/thumb/v7e-m/fpv4-sp/hard/crtbegin.o
                0x0000000020001284                . = ALIGN (0x4)

.bss            0x0000000020001284     0x6760 load address 0x000000000800cc50
                0x0000000020001284                _sbss = .
                0x0000000020001284                __bss_start__ = _sbss
 *(.bss)
 .bss           0x0000000020001284       0x1c c:/st/stm32cubeide_1.5.0/stm32cubeide/plugins/com.st.stm32cube.ide.mcu.externaltools.gnu-tools-for-stm32.7-2018-q2-update.win32_1.5.0.202011040924/tools/bin/../lib/gcc/arm-none-eabi/7.3.1/thumb/v7e-m/fpv4-sp/hard/crtbegin.o
 *(.bss*)
 .bss.ActiveLayer
                0x00000000200012a0        0x4 Drivers/BSP/STM32746G-Discovery/stm32746g_discovery_lcd.o
 .bss.DrawProp  0x00000000200012a4       0x18 Drivers/BSP/STM32746G-Discovery/stm32746g_discovery_lcd.o
 .bss.hLtdcHandler
                0x00000000200012bc       0xa8 Drivers/BSP/STM32746G-Discovery/stm32746g_discovery_lcd.o
 .bss.JpegDec   0x0000000020001364       0x90 Src/JPEGDecoder.o
                0x0000000020001364                JpegDec
 .bss._ZL4UART  0x00000000200013f4       0x70 Src/main.o
 .bss._ZZ11recieveCharPcE14is_initialized
                0x0000000020001464        0x4 Src/main.o
 .bss.out_int   0x0000000020001468        0xa Src/main.o
                0x0000000020001468                out_int
 *fill*         0x0000000020001472        0x2 
 .bss.bias9     0x0000000020001474       0x28 Src/TinyEngine/codegen/Source/genModel.o
                0x0000000020001474                bias9
 .bss.buffer    0x000000002000149c     0x64ea Src/TinyEngine/codegen/Source/genModel.o
 *fill*         0x0000000020007986        0x2 
 .bss._ZN12_GLOBAL__N_114emergency_poolE
                0x0000000020007988       0x10 c:/st/stm32cubeide_1.5.0/stm32cubeide/plugins/com.st.stm32cube.ide.mcu.externaltools.gnu-tools-for-stm32.7-2018-q2-update.win32_1.5.0.202011040924/tools/bin/../lib/gcc/arm-none-eabi/7.3.1/../../../../arm-none-eabi/lib/thumb/v7e-m/fpv4-sp/hard\libstdc++.a(eh_alloc.o)
 .bss.__malloc_current_mallinfo
                0x0000000020007998       0x28 c:/st/stm32cubeide_1.5.0/stm32cubeide/plugins/com.st.stm32cube.ide.mcu.externaltools.gnu-tools-for-stm32.7-2018-q2-update.win32_1.5.0.202011040924/tools/bin/../lib/gcc/arm-none-eabi/7.3.1/../../../../arm-none-eabi/lib/thumb/v7e-m/fpv4-sp/hard\libc.a(lib_a-mallocr.o)
                0x0000000020007998                __malloc_current_mallinfo
 .bss.__malloc_max_sbrked_mem
                0x00000000200079c0        0x4 c:/st/stm32cubeide_1.5.0/stm32cubeide/plugins/com.st.stm32cube.ide.mcu.externaltools.gnu-tools-for-stm32.7-2018-q2-update.win32_1.5.0.202011040924/tools/bin/../lib/gcc/arm-none-eabi/7.3.1/../../../../arm-none-eabi/lib/thumb/v7e-m/fpv4-sp/hard\libc.a(lib_a-mallocr.o)
                0x00000000200079c0                __malloc_max_sbrked_mem
 .bss.__malloc_max_total_mem
                0x00000000200079c4        0x4 c:/st/stm32cubeide_1.5.0/stm32cubeide/plugins/com.st.stm32cube.ide.mcu.externaltools.gnu-tools-for-stm32.7-2018-q2-update.win32_1.5.0.202011040924/tools/bin/../lib/gcc/arm-none-eabi/7.3.1/../../../../arm-none-eabi/lib/thumb/v7e-m/fpv4-sp/hard\libc.a(lib_a-mallocr.o)
                0x00000000200079c4                __malloc_max_total_mem
 .bss.__malloc_top_pad
                0x00000000200079c8        0x4 c:/st/stm32cubeide_1.5.0/stm32cubeide/plugins/com.st.stm32cube.ide.mcu.externaltools.gnu-tools-for-stm32.7-2018-q2-update.win32_1.5.0.202011040924/tools/bin/../lib/gcc/arm-none-eabi/7.3.1/../../../../arm-none-eabi/lib/thumb/v7e-m/fpv4-sp/hard\libc.a(lib_a-mallocr.o)
                0x00000000200079c8                __malloc_top_pad
 .bss.heap_end.5377
                0x00000000200079cc        0x4 c:/st/stm32cubeide_1.5.0/stm32cubeide/plugins/com.st.stm32cube.ide.mcu.externaltools.gnu-tools-for-stm32.7-2018-q2-update.win32_1.5.0.202011040924/tools/bin/../lib/gcc/arm-none-eabi/7.3.1/../../../../arm-none-eabi/lib/thumb/v7e-m/fpv4-sp/hard\libnosys.a(sbrk.o)
 *(COMMON)
 COMMON         0x00000000200079d0        0x4 Drivers/STM32F7xx_HAL_Driver/Src/stm32f7xx_hal.o
                0x00000000200079d0                uwTick
 COMMON         0x00000000200079d4        0x9 c:/st/stm32cubeide_1.5.0/stm32cubeide/plugins/com.st.stm32cube.ide.mcu.externaltools.gnu-tools-for-stm32.7-2018-q2-update.win32_1.5.0.202011040924/tools/bin/../lib/gcc/arm-none-eabi/7.3.1/../../../../arm-none-eabi/lib/thumb/v7e-m/fpv4-sp/hard\libc.a(lib_a-lock.o)
                0x00000000200079d4                __lock___atexit_recursive_mutex
                0x00000000200079d5                __lock___arc4random_mutex
                0x00000000200079d6                __lock___env_recursive_mutex
                0x00000000200079d7                __lock___sinit_recursive_mutex
                0x00000000200079d8                __lock___malloc_recursive_mutex
                0x00000000200079d9                __lock___at_quick_exit_mutex
                0x00000000200079da                __lock___dd_hash_mutex
                0x00000000200079db                __lock___tz_mutex
                0x00000000200079dc                __lock___sfp_recursive_mutex
 *fill*         0x00000000200079dd        0x3 
 COMMON         0x00000000200079e0        0x4 c:/st/stm32cubeide_1.5.0/stm32cubeide/plugins/com.st.stm32cube.ide.mcu.externaltools.gnu-tools-for-stm32.7-2018-q2-update.win32_1.5.0.202011040924/tools/bin/../lib/gcc/arm-none-eabi/7.3.1/../../../../arm-none-eabi/lib/thumb/v7e-m/fpv4-sp/hard\libc.a(lib_a-reent.o)
                0x00000000200079e0                errno
                0x00000000200079e4                . = ALIGN (0x4)
                0x00000000200079e4                _ebss = .
                0x00000000200079e4                __bss_end__ = _ebss

._user_heap_stack
                0x00000000200079e4      0xa00 load address 0x000000000800cc50
                0x00000000200079e4                . = ALIGN (0x4)
                0x00000000200079e4                PROVIDE (end = .)
                [!provide]                        PROVIDE (_end = .)
                0x0000000020007fe4                . = (. + _Min_Heap_Size)
 *fill*         0x00000000200079e4      0x600 
                0x00000000200083e4                . = (. + _Min_Stack_Size)
 *fill*         0x0000000020007fe4      0x400 
                0x00000000200083e4                . = ALIGN (0x4)

.dtcmvars
 *(.dtcmvars*)

/DISCARD/
 libc.a(*)
 libm.a(*)
 libgcc.a(*)

.ARM.attributes
                0x0000000000000000       0x30
 *(.ARM.attributes)
 .ARM.attributes
                0x0000000000000000       0x22 c:/st/stm32cubeide_1.5.0/stm32cubeide/plugins/com.st.stm32cube.ide.mcu.externaltools.gnu-tools-for-stm32.7-2018-q2-update.win32_1.5.0.202011040924/tools/bin/../lib/gcc/arm-none-eabi/7.3.1/thumb/v7e-m/fpv4-sp/hard/crti.o
 .ARM.attributes
                0x0000000000000022       0x34 c:/st/stm32cubeide_1.5.0/stm32cubeide/plugins/com.st.stm32cube.ide.mcu.externaltools.gnu-tools-for-stm32.7-2018-q2-update.win32_1.5.0.202011040924/tools/bin/../lib/gcc/arm-none-eabi/7.3.1/thumb/v7e-m/fpv4-sp/hard/crtbegin.o
 .ARM.attributes
                0x0000000000000056       0x35 Drivers/BSP/STM32746G-Discovery/stm32746g_discovery.o
 .ARM.attributes
                0x000000000000008b       0x35 Drivers/BSP/STM32746G-Discovery/stm32746g_discovery_lcd.o
 .ARM.attributes
                0x00000000000000c0       0x35 Drivers/STM32F7xx_HAL_Driver/Src/stm32f7xx_hal.o
 .ARM.attributes
                0x00000000000000f5       0x35 Drivers/STM32F7xx_HAL_Driver/Src/stm32f7xx_hal_cortex.o
 .ARM.attributes
                0x000000000000012a       0x35 Drivers/STM32F7xx_HAL_Driver/Src/stm32f7xx_hal_gpio.o
 .ARM.attributes
                0x000000000000015f       0x35 Drivers/STM32F7xx_HAL_Driver/Src/stm32f7xx_hal_pwr_ex.o
 .ARM.attributes
                0x0000000000000194       0x35 Drivers/STM32F7xx_HAL_Driver/Src/stm32f7xx_hal_rcc.o
 .ARM.attributes
                0x00000000000001c9       0x35 Drivers/STM32F7xx_HAL_Driver/Src/stm32f7xx_hal_uart.o
 .ARM.attributes
                0x00000000000001fe       0x35 Src/JPEGDecoder.o
 .ARM.attributes
                0x0000000000000233       0x35 Src/lcd.o
 .ARM.attributes
                0x0000000000000268       0x35 Src/main.o
 .ARM.attributes
                0x000000000000029d       0x21 Src/startup_stm32f746xx.o
 .ARM.attributes
                0x00000000000002be       0x35 Src/stm32f7xx_hal_msp.o
 .ARM.attributes
                0x00000000000002f3       0x35 Src/stm32f7xx_it.o
 .ARM.attributes
                0x0000000000000328       0x35 Src/system_stm32f7xx.o
 .ARM.attributes
                0x000000000000035d       0x35 Src/TinyEngine/codegen/Source/depthwise_kernel3x3_stride1_inplace_CHW_fpreq.o
 .ARM.attributes
                0x0000000000000392       0x35 Src/TinyEngine/codegen/Source/depthwise_kernel7x7_stride1_inplace_CHW_fpreq.o
 .ARM.attributes
                0x00000000000003c7       0x35 Src/TinyEngine/codegen/Source/genModel.o
 .ARM.attributes
                0x00000000000003fc       0x35 Src/TinyEngine/src/kernels/fp_requantize_op/convolve_1x1_s8_fpreq.o
 .ARM.attributes
                0x0000000000000431       0x35 Src/TinyEngine/src/kernels/fp_requantize_op/convolve_1x1_s8_fpreq_mask.o
 .ARM.attributes
                0x0000000000000466       0x35 Src/TinyEngine/src/kernels/fp_requantize_op/convolve_s8_kernel3_inputch3_stride2_pad1_fpreq.o
 .ARM.attributes
                0x000000000000049b       0x35 Src/TinyEngine/src/kernels/fp_requantize_op/mat_mul_kernels_fpreq.o
 .ARM.attributes
                0x00000000000004d0       0x35 Src/TinyEngine/src/kernels/int_forward_op/avgpooling.o
 .ARM.attributes
                0x0000000000000505       0x34 c:/st/stm32cubeide_1.5.0/stm32cubeide/plugins/com.st.stm32cube.ide.mcu.externaltools.gnu-tools-for-stm32.7-2018-q2-update.win32_1.5.0.202011040924/tools/bin/../lib/gcc/arm-none-eabi/7.3.1/../../../../arm-none-eabi/lib/thumb/v7e-m/fpv4-sp/hard\libstdc++.a(del_opv.o)
 .ARM.attributes
                0x0000000000000539       0x34 c:/st/stm32cubeide_1.5.0/stm32cubeide/plugins/com.st.stm32cube.ide.mcu.externaltools.gnu-tools-for-stm32.7-2018-q2-update.win32_1.5.0.202011040924/tools/bin/../lib/gcc/arm-none-eabi/7.3.1/../../../../arm-none-eabi/lib/thumb/v7e-m/fpv4-sp/hard\libstdc++.a(del_op.o)
 .ARM.attributes
                0x000000000000056d       0x34 c:/st/stm32cubeide_1.5.0/stm32cubeide/plugins/com.st.stm32cube.ide.mcu.externaltools.gnu-tools-for-stm32.7-2018-q2-update.win32_1.5.0.202011040924/tools/bin/../lib/gcc/arm-none-eabi/7.3.1/../../../../arm-none-eabi/lib/thumb/v7e-m/fpv4-sp/hard\libstdc++.a(eh_alloc.o)
 .ARM.attributes
                0x00000000000005a1       0x34 c:/st/stm32cubeide_1.5.0/stm32cubeide/plugins/com.st.stm32cube.ide.mcu.externaltools.gnu-tools-for-stm32.7-2018-q2-update.win32_1.5.0.202011040924/tools/bin/../lib/gcc/arm-none-eabi/7.3.1/../../../../arm-none-eabi/lib/thumb/v7e-m/fpv4-sp/hard\libc.a(lib_a-errno.o)
 .ARM.attributes
                0x00000000000005d5       0x34 c:/st/stm32cubeide_1.5.0/stm32cubeide/plugins/com.st.stm32cube.ide.mcu.externaltools.gnu-tools-for-stm32.7-2018-q2-update.win32_1.5.0.202011040924/tools/bin/../lib/gcc/arm-none-eabi/7.3.1/../../../../arm-none-eabi/lib/thumb/v7e-m/fpv4-sp/hard\libc.a(lib_a-impure.o)
 .ARM.attributes
                0x0000000000000609       0x34 c:/st/stm32cubeide_1.5.0/stm32cubeide/plugins/com.st.stm32cube.ide.mcu.externaltools.gnu-tools-for-stm32.7-2018-q2-update.win32_1.5.0.202011040924/tools/bin/../lib/gcc/arm-none-eabi/7.3.1/../../../../arm-none-eabi/lib/thumb/v7e-m/fpv4-sp/hard\libc.a(lib_a-init.o)
 .ARM.attributes
                0x000000000000063d       0x34 c:/st/stm32cubeide_1.5.0/stm32cubeide/plugins/com.st.stm32cube.ide.mcu.externaltools.gnu-tools-for-stm32.7-2018-q2-update.win32_1.5.0.202011040924/tools/bin/../lib/gcc/arm-none-eabi/7.3.1/../../../../arm-none-eabi/lib/thumb/v7e-m/fpv4-sp/hard\libc.a(lib_a-lock.o)
 .ARM.attributes
                0x0000000000000671       0x34 c:/st/stm32cubeide_1.5.0/stm32cubeide/plugins/com.st.stm32cube.ide.mcu.externaltools.gnu-tools-for-stm32.7-2018-q2-update.win32_1.5.0.202011040924/tools/bin/../lib/gcc/arm-none-eabi/7.3.1/../../../../arm-none-eabi/lib/thumb/v7e-m/fpv4-sp/hard\libc.a(lib_a-malloc.o)
 .ARM.attributes
                0x00000000000006a5       0x34 c:/st/stm32cubeide_1.5.0/stm32cubeide/plugins/com.st.stm32cube.ide.mcu.externaltools.gnu-tools-for-stm32.7-2018-q2-update.win32_1.5.0.202011040924/tools/bin/../lib/gcc/arm-none-eabi/7.3.1/../../../../arm-none-eabi/lib/thumb/v7e-m/fpv4-sp/hard\libc.a(lib_a-mallocr.o)
 .ARM.attributes
                0x00000000000006d9       0x34 c:/st/stm32cubeide_1.5.0/stm32cubeide/plugins/com.st.stm32cube.ide.mcu.externaltools.gnu-tools-for-stm32.7-2018-q2-update.win32_1.5.0.202011040924/tools/bin/../lib/gcc/arm-none-eabi/7.3.1/../../../../arm-none-eabi/lib/thumb/v7e-m/fpv4-sp/hard\libc.a(lib_a-mlock.o)
 .ARM.attributes
                0x000000000000070d       0x34 c:/st/stm32cubeide_1.5.0/stm32cubeide/plugins/com.st.stm32cube.ide.mcu.externaltools.gnu-tools-for-stm32.7-2018-q2-update.win32_1.5.0.202011040924/tools/bin/../lib/gcc/arm-none-eabi/7.3.1/../../../../arm-none-eabi/lib/thumb/v7e-m/fpv4-sp/hard\libc.a(lib_a-sbrkr.o)
 .ARM.attributes
                0x0000000000000741       0x34 c:/st/stm32cubeide_1.5.0/stm32cubeide/plugins/com.st.stm32cube.ide.mcu.externaltools.gnu-tools-for-stm32.7-2018-q2-update.win32_1.5.0.202011040924/tools/bin/../lib/gcc/arm-none-eabi/7.3.1/../../../../arm-none-eabi/lib/thumb/v7e-m/fpv4-sp/hard\libc.a(lib_a-sysconf.o)
 .ARM.attributes
                0x0000000000000775       0x34 c:/st/stm32cubeide_1.5.0/stm32cubeide/plugins/com.st.stm32cube.ide.mcu.externaltools.gnu-tools-for-stm32.7-2018-q2-update.win32_1.5.0.202011040924/tools/bin/../lib/gcc/arm-none-eabi/7.3.1/../../../../arm-none-eabi/lib/thumb/v7e-m/fpv4-sp/hard\libc.a(lib_a-__call_atexit.o)
 .ARM.attributes
                0x00000000000007a9       0x34 c:/st/stm32cubeide_1.5.0/stm32cubeide/plugins/com.st.stm32cube.ide.mcu.externaltools.gnu-tools-for-stm32.7-2018-q2-update.win32_1.5.0.202011040924/tools/bin/../lib/gcc/arm-none-eabi/7.3.1/../../../../arm-none-eabi/lib/thumb/v7e-m/fpv4-sp/hard\libc.a(lib_a-atexit.o)
 .ARM.attributes
                0x00000000000007dd       0x34 c:/st/stm32cubeide_1.5.0/stm32cubeide/plugins/com.st.stm32cube.ide.mcu.externaltools.gnu-tools-for-stm32.7-2018-q2-update.win32_1.5.0.202011040924/tools/bin/../lib/gcc/arm-none-eabi/7.3.1/../../../../arm-none-eabi/lib/thumb/v7e-m/fpv4-sp/hard\libc.a(lib_a-fini.o)
 .ARM.attributes
                0x0000000000000811       0x34 c:/st/stm32cubeide_1.5.0/stm32cubeide/plugins/com.st.stm32cube.ide.mcu.externaltools.gnu-tools-for-stm32.7-2018-q2-update.win32_1.5.0.202011040924/tools/bin/../lib/gcc/arm-none-eabi/7.3.1/../../../../arm-none-eabi/lib/thumb/v7e-m/fpv4-sp/hard\libc.a(lib_a-freer.o)
 .ARM.attributes
                0x0000000000000845       0x34 c:/st/stm32cubeide_1.5.0/stm32cubeide/plugins/com.st.stm32cube.ide.mcu.externaltools.gnu-tools-for-stm32.7-2018-q2-update.win32_1.5.0.202011040924/tools/bin/../lib/gcc/arm-none-eabi/7.3.1/../../../../arm-none-eabi/lib/thumb/v7e-m/fpv4-sp/hard\libc.a(lib_a-reent.o)
 .ARM.attributes
                0x0000000000000879       0x34 c:/st/stm32cubeide_1.5.0/stm32cubeide/plugins/com.st.stm32cube.ide.mcu.externaltools.gnu-tools-for-stm32.7-2018-q2-update.win32_1.5.0.202011040924/tools/bin/../lib/gcc/arm-none-eabi/7.3.1/../../../../arm-none-eabi/lib/thumb/v7e-m/fpv4-sp/hard\libc.a(lib_a-__atexit.o)
 .ARM.attributes
                0x00000000000008ad       0x22 c:/st/stm32cubeide_1.5.0/stm32cubeide/plugins/com.st.stm32cube.ide.mcu.externaltools.gnu-tools-for-stm32.7-2018-q2-update.win32_1.5.0.202011040924/tools/bin/../lib/gcc/arm-none-eabi/7.3.1/thumb/v7e-m/fpv4-sp/hard\libgcc.a(_aeabi_uldivmod.o)
 .ARM.attributes
                0x00000000000008cf       0x34 c:/st/stm32cubeide_1.5.0/stm32cubeide/plugins/com.st.stm32cube.ide.mcu.externaltools.gnu-tools-for-stm32.7-2018-q2-update.win32_1.5.0.202011040924/tools/bin/../lib/gcc/arm-none-eabi/7.3.1/thumb/v7e-m/fpv4-sp/hard\libgcc.a(_udivmoddi4.o)
 .ARM.attributes
                0x0000000000000903       0x22 c:/st/stm32cubeide_1.5.0/stm32cubeide/plugins/com.st.stm32cube.ide.mcu.externaltools.gnu-tools-for-stm32.7-2018-q2-update.win32_1.5.0.202011040924/tools/bin/../lib/gcc/arm-none-eabi/7.3.1/thumb/v7e-m/fpv4-sp/hard\libgcc.a(_dvmd_tls.o)
 .ARM.attributes
                0x0000000000000925       0x34 c:/st/stm32cubeide_1.5.0/stm32cubeide/plugins/com.st.stm32cube.ide.mcu.externaltools.gnu-tools-for-stm32.7-2018-q2-update.win32_1.5.0.202011040924/tools/bin/../lib/gcc/arm-none-eabi/7.3.1/../../../../arm-none-eabi/lib/thumb/v7e-m/fpv4-sp/hard\libnosys.a(sbrk.o)
 .ARM.attributes
                0x0000000000000959       0x22 c:/st/stm32cubeide_1.5.0/stm32cubeide/plugins/com.st.stm32cube.ide.mcu.externaltools.gnu-tools-for-stm32.7-2018-q2-update.win32_1.5.0.202011040924/tools/bin/../lib/gcc/arm-none-eabi/7.3.1/thumb/v7e-m/fpv4-sp/hard/crtn.o
OUTPUT(TTE_demo_mcunet.elf elf32-littlearm)

.debug_info     0x0000000000000000    0x94ea0
 .debug_info    0x0000000000000000     0x363e Drivers/BSP/STM32746G-Discovery/stm32746g_discovery.o
 .debug_info    0x000000000000363e     0x489b Drivers/BSP/STM32746G-Discovery/stm32746g_discovery_lcd.o
 .debug_info    0x0000000000007ed9     0x130e Drivers/STM32F7xx_HAL_Driver/Src/stm32f7xx_hal.o
 .debug_info    0x00000000000091e7     0x1982 Drivers/STM32F7xx_HAL_Driver/Src/stm32f7xx_hal_cortex.o
 .debug_info    0x000000000000ab69      0xfbd Drivers/STM32F7xx_HAL_Driver/Src/stm32f7xx_hal_gpio.o
 .debug_info    0x000000000000bb26     0x120f Drivers/STM32F7xx_HAL_Driver/Src/stm32f7xx_hal_pwr_ex.o
 .debug_info    0x000000000000cd35     0x1397 Drivers/STM32F7xx_HAL_Driver/Src/stm32f7xx_hal_rcc.o
 .debug_info    0x000000000000e0cc     0x28f4 Drivers/STM32F7xx_HAL_Driver/Src/stm32f7xx_hal_uart.o
 .debug_info    0x00000000000109c0     0x16f4 Src/JPEGDecoder.o
 .debug_info    0x00000000000120b4     0x1b9b Src/lcd.o
 .debug_info    0x0000000000013c4f    0x672b3 Src/main.o
 .debug_info    0x000000000007af02       0x22 Src/startup_stm32f746xx.o
 .debug_info    0x000000000007af24     0x22e9 Src/stm32f7xx_hal_msp.o
 .debug_info    0x000000000007d20d      0x9d2 Src/stm32f7xx_it.o
 .debug_info    0x000000000007dbdf      0x6f3 Src/system_stm32f7xx.o
 .debug_info    0x000000000007e2d2      0xdc0 Src/TinyEngine/codegen/Source/depthwise_kernel3x3_stride1_inplace_CHW_fpreq.o
 .debug_info    0x000000000007f092      0xce3 Src/TinyEngine/codegen/Source/depthwise_kernel7x7_stride1_inplace_CHW_fpreq.o
 .debug_info    0x000000000007fd75     0x213d Src/TinyEngine/codegen/Source/genModel.o
 .debug_info    0x0000000000081eb2     0x14cf Src/TinyEngine/src/kernels/fp_requantize_op/convolve_1x1_s8_fpreq.o
 .debug_info    0x0000000000083381     0x1eb2 Src/TinyEngine/src/kernels/fp_requantize_op/convolve_1x1_s8_fpreq_mask.o
 .debug_info    0x0000000000085233     0x328d Src/TinyEngine/src/kernels/fp_requantize_op/convolve_s8_kernel3_inputch3_stride2_pad1_fpreq.o
 .debug_info    0x00000000000884c0     0xbf56 Src/TinyEngine/src/kernels/fp_requantize_op/mat_mul_kernels_fpreq.o
 .debug_info    0x0000000000094416      0xa8a Src/TinyEngine/src/kernels/int_forward_op/avgpooling.o

.debug_abbrev   0x0000000000000000     0x486f
 .debug_abbrev  0x0000000000000000      0x4b3 Drivers/BSP/STM32746G-Discovery/stm32746g_discovery.o
 .debug_abbrev  0x00000000000004b3      0x4cc Drivers/BSP/STM32746G-Discovery/stm32746g_discovery_lcd.o
 .debug_abbrev  0x000000000000097f      0x335 Drivers/STM32F7xx_HAL_Driver/Src/stm32f7xx_hal.o
 .debug_abbrev  0x0000000000000cb4      0x3d4 Drivers/STM32F7xx_HAL_Driver/Src/stm32f7xx_hal_cortex.o
 .debug_abbrev  0x0000000000001088      0x2b1 Drivers/STM32F7xx_HAL_Driver/Src/stm32f7xx_hal_gpio.o
 .debug_abbrev  0x0000000000001339      0x2b8 Drivers/STM32F7xx_HAL_Driver/Src/stm32f7xx_hal_pwr_ex.o
 .debug_abbrev  0x00000000000015f1      0x382 Drivers/STM32F7xx_HAL_Driver/Src/stm32f7xx_hal_rcc.o
 .debug_abbrev  0x0000000000001973      0x417 Drivers/STM32F7xx_HAL_Driver/Src/stm32f7xx_hal_uart.o
 .debug_abbrev  0x0000000000001d8a      0x4db Src/JPEGDecoder.o
 .debug_abbrev  0x0000000000002265      0x383 Src/lcd.o
 .debug_abbrev  0x00000000000025e8      0x612 Src/main.o
 .debug_abbrev  0x0000000000002bfa       0x12 Src/startup_stm32f746xx.o
 .debug_abbrev  0x0000000000002c0c      0x28f Src/stm32f7xx_hal_msp.o
 .debug_abbrev  0x0000000000002e9b      0x217 Src/stm32f7xx_it.o
 .debug_abbrev  0x00000000000030b2      0x12a Src/system_stm32f7xx.o
 .debug_abbrev  0x00000000000031dc      0x28e Src/TinyEngine/codegen/Source/depthwise_kernel3x3_stride1_inplace_CHW_fpreq.o
 .debug_abbrev  0x000000000000346a      0x231 Src/TinyEngine/codegen/Source/depthwise_kernel7x7_stride1_inplace_CHW_fpreq.o
 .debug_abbrev  0x000000000000369b      0x2c4 Src/TinyEngine/codegen/Source/genModel.o
 .debug_abbrev  0x000000000000395f      0x31d Src/TinyEngine/src/kernels/fp_requantize_op/convolve_1x1_s8_fpreq.o
 .debug_abbrev  0x0000000000003c7c      0x32a Src/TinyEngine/src/kernels/fp_requantize_op/convolve_1x1_s8_fpreq_mask.o
 .debug_abbrev  0x0000000000003fa6      0x397 Src/TinyEngine/src/kernels/fp_requantize_op/convolve_s8_kernel3_inputch3_stride2_pad1_fpreq.o
 .debug_abbrev  0x000000000000433d      0x32e Src/TinyEngine/src/kernels/fp_requantize_op/mat_mul_kernels_fpreq.o
 .debug_abbrev  0x000000000000466b      0x204 Src/TinyEngine/src/kernels/int_forward_op/avgpooling.o

.debug_loc      0x0000000000000000    0x1ed54
 .debug_loc     0x0000000000000000      0xe93 Drivers/BSP/STM32746G-Discovery/stm32746g_discovery.o
 .debug_loc     0x0000000000000e93     0x43f7 Drivers/BSP/STM32746G-Discovery/stm32746g_discovery_lcd.o
 .debug_loc     0x000000000000528a      0x11c Drivers/STM32F7xx_HAL_Driver/Src/stm32f7xx_hal.o
 .debug_loc     0x00000000000053a6      0x5a2 Drivers/STM32F7xx_HAL_Driver/Src/stm32f7xx_hal_cortex.o
 .debug_loc     0x0000000000005948      0x4a0 Drivers/STM32F7xx_HAL_Driver/Src/stm32f7xx_hal_gpio.o
 .debug_loc     0x0000000000005de8      0x257 Drivers/STM32F7xx_HAL_Driver/Src/stm32f7xx_hal_pwr_ex.o
 .debug_loc     0x000000000000603f      0x57a Drivers/STM32F7xx_HAL_Driver/Src/stm32f7xx_hal_rcc.o
 .debug_loc     0x00000000000065b9     0x2095 Drivers/STM32F7xx_HAL_Driver/Src/stm32f7xx_hal_uart.o
 .debug_loc     0x000000000000864e     0x1998 Src/JPEGDecoder.o
 .debug_loc     0x0000000000009fe6      0x735 Src/lcd.o
 .debug_loc     0x000000000000a71b      0x473 Src/main.o
 .debug_loc     0x000000000000ab8e      0x119 Src/stm32f7xx_hal_msp.o
 .debug_loc     0x000000000000aca7      0x14c Src/system_stm32f7xx.o
 .debug_loc     0x000000000000adf3     0x1b9e Src/TinyEngine/codegen/Source/depthwise_kernel3x3_stride1_inplace_CHW_fpreq.o
 .debug_loc     0x000000000000c991      0xd99 Src/TinyEngine/codegen/Source/depthwise_kernel7x7_stride1_inplace_CHW_fpreq.o
 .debug_loc     0x000000000000d72a      0x1e4 Src/TinyEngine/codegen/Source/genModel.o
 .debug_loc     0x000000000000d90e      0x920 Src/TinyEngine/src/kernels/fp_requantize_op/convolve_1x1_s8_fpreq.o
 .debug_loc     0x000000000000e22e     0x14b7 Src/TinyEngine/src/kernels/fp_requantize_op/convolve_1x1_s8_fpreq_mask.o
 .debug_loc     0x000000000000f6e5     0x2374 Src/TinyEngine/src/kernels/fp_requantize_op/convolve_s8_kernel3_inputch3_stride2_pad1_fpreq.o
 .debug_loc     0x0000000000011a59     0xd010 Src/TinyEngine/src/kernels/fp_requantize_op/mat_mul_kernels_fpreq.o
 .debug_loc     0x000000000001ea69      0x2eb Src/TinyEngine/src/kernels/int_forward_op/avgpooling.o

.debug_aranges  0x0000000000000000      0xa40
 .debug_aranges
                0x0000000000000000       0xe0 Drivers/BSP/STM32746G-Discovery/stm32746g_discovery.o
 .debug_aranges
                0x00000000000000e0      0x190 Drivers/BSP/STM32746G-Discovery/stm32746g_discovery_lcd.o
 .debug_aranges
                0x0000000000000270       0xf8 Drivers/STM32F7xx_HAL_Driver/Src/stm32f7xx_hal.o
 .debug_aranges
                0x0000000000000368       0xa8 Drivers/STM32F7xx_HAL_Driver/Src/stm32f7xx_hal_cortex.o
 .debug_aranges
                0x0000000000000410       0x58 Drivers/STM32F7xx_HAL_Driver/Src/stm32f7xx_hal_gpio.o
 .debug_aranges
                0x0000000000000468       0x80 Drivers/STM32F7xx_HAL_Driver/Src/stm32f7xx_hal_pwr_ex.o
 .debug_aranges
                0x00000000000004e8       0x88 Drivers/STM32F7xx_HAL_Driver/Src/stm32f7xx_hal_rcc.o
 .debug_aranges
                0x0000000000000570      0x138 Drivers/STM32F7xx_HAL_Driver/Src/stm32f7xx_hal_uart.o
 .debug_aranges
                0x00000000000006a8       0x80 Src/JPEGDecoder.o
 .debug_aranges
                0x0000000000000728       0x58 Src/lcd.o
 .debug_aranges
                0x0000000000000780       0x40 Src/main.o
 .debug_aranges
                0x00000000000007c0       0x28 Src/startup_stm32f746xx.o
 .debug_aranges
                0x00000000000007e8       0x58 Src/stm32f7xx_hal_msp.o
 .debug_aranges
                0x0000000000000840       0x48 Src/stm32f7xx_it.o
 .debug_aranges
                0x0000000000000888       0x28 Src/system_stm32f7xx.o
 .debug_aranges
                0x00000000000008b0       0x28 Src/TinyEngine/codegen/Source/depthwise_kernel3x3_stride1_inplace_CHW_fpreq.o
 .debug_aranges
                0x00000000000008d8       0x28 Src/TinyEngine/codegen/Source/depthwise_kernel7x7_stride1_inplace_CHW_fpreq.o
 .debug_aranges
                0x0000000000000900       0x40 Src/TinyEngine/codegen/Source/genModel.o
 .debug_aranges
                0x0000000000000940       0x20 Src/TinyEngine/src/kernels/fp_requantize_op/convolve_1x1_s8_fpreq.o
 .debug_aranges
                0x0000000000000960       0x28 Src/TinyEngine/src/kernels/fp_requantize_op/convolve_1x1_s8_fpreq_mask.o
 .debug_aranges
                0x0000000000000988       0x20 Src/TinyEngine/src/kernels/fp_requantize_op/convolve_s8_kernel3_inputch3_stride2_pad1_fpreq.o
 .debug_aranges
                0x00000000000009a8       0x78 Src/TinyEngine/src/kernels/fp_requantize_op/mat_mul_kernels_fpreq.o
 .debug_aranges
                0x0000000000000a20       0x20 Src/TinyEngine/src/kernels/int_forward_op/avgpooling.o

.debug_ranges   0x0000000000000000     0x33c8
 .debug_ranges  0x0000000000000000      0x710 Drivers/BSP/STM32746G-Discovery/stm32746g_discovery.o
 .debug_ranges  0x0000000000000710      0xb68 Drivers/BSP/STM32746G-Discovery/stm32746g_discovery_lcd.o
 .debug_ranges  0x0000000000001278       0xe8 Drivers/STM32F7xx_HAL_Driver/Src/stm32f7xx_hal.o
 .debug_ranges  0x0000000000001360      0x168 Drivers/STM32F7xx_HAL_Driver/Src/stm32f7xx_hal_cortex.o
 .debug_ranges  0x00000000000014c8       0x80 Drivers/STM32F7xx_HAL_Driver/Src/stm32f7xx_hal_gpio.o
 .debug_ranges  0x0000000000001548      0x130 Drivers/STM32F7xx_HAL_Driver/Src/stm32f7xx_hal_pwr_ex.o
 .debug_ranges  0x0000000000001678      0x150 Drivers/STM32F7xx_HAL_Driver/Src/stm32f7xx_hal_rcc.o
 .debug_ranges  0x00000000000017c8      0x6d8 Drivers/STM32F7xx_HAL_Driver/Src/stm32f7xx_hal_uart.o
 .debug_ranges  0x0000000000001ea0      0x488 Src/JPEGDecoder.o
 .debug_ranges  0x0000000000002328      0x120 Src/lcd.o
 .debug_ranges  0x0000000000002448      0x198 Src/main.o
 .debug_ranges  0x00000000000025e0       0x20 Src/startup_stm32f746xx.o
 .debug_ranges  0x0000000000002600      0x1d0 Src/stm32f7xx_hal_msp.o
 .debug_ranges  0x00000000000027d0       0x38 Src/stm32f7xx_it.o
 .debug_ranges  0x0000000000002808       0x18 Src/system_stm32f7xx.o
 .debug_ranges  0x0000000000002820       0x88 Src/TinyEngine/codegen/Source/depthwise_kernel3x3_stride1_inplace_CHW_fpreq.o
 .debug_ranges  0x00000000000028a8       0x60 Src/TinyEngine/codegen/Source/depthwise_kernel7x7_stride1_inplace_CHW_fpreq.o
 .debug_ranges  0x0000000000002908      0x170 Src/TinyEngine/codegen/Source/genModel.o
 .debug_ranges  0x0000000000002a78       0x60 Src/TinyEngine/src/kernels/fp_requantize_op/convolve_1x1_s8_fpreq.o
 .debug_ranges  0x0000000000002ad8      0x140 Src/TinyEngine/src/kernels/fp_requantize_op/convolve_1x1_s8_fpreq_mask.o
 .debug_ranges  0x0000000000002c18      0x208 Src/TinyEngine/src/kernels/fp_requantize_op/convolve_s8_kernel3_inputch3_stride2_pad1_fpreq.o
 .debug_ranges  0x0000000000002e20      0x538 Src/TinyEngine/src/kernels/fp_requantize_op/mat_mul_kernels_fpreq.o
 .debug_ranges  0x0000000000003358       0x70 Src/TinyEngine/src/kernels/int_forward_op/avgpooling.o

.debug_line     0x0000000000000000     0xc0e9
 .debug_line    0x0000000000000000      0xa35 Drivers/BSP/STM32746G-Discovery/stm32746g_discovery.o
 .debug_line    0x0000000000000a35     0x1473 Drivers/BSP/STM32746G-Discovery/stm32746g_discovery_lcd.o
 .debug_line    0x0000000000001ea8      0x5d6 Drivers/STM32F7xx_HAL_Driver/Src/stm32f7xx_hal.o
 .debug_line    0x000000000000247e      0x648 Drivers/STM32F7xx_HAL_Driver/Src/stm32f7xx_hal_cortex.o
 .debug_line    0x0000000000002ac6      0x5ea Drivers/STM32F7xx_HAL_Driver/Src/stm32f7xx_hal_gpio.o
 .debug_line    0x00000000000030b0      0x556 Drivers/STM32F7xx_HAL_Driver/Src/stm32f7xx_hal_pwr_ex.o
 .debug_line    0x0000000000003606      0x7db Drivers/STM32F7xx_HAL_Driver/Src/stm32f7xx_hal_rcc.o
 .debug_line    0x0000000000003de1     0x1465 Drivers/STM32F7xx_HAL_Driver/Src/stm32f7xx_hal_uart.o
 .debug_line    0x0000000000005246      0x7f0 Src/JPEGDecoder.o
 .debug_line    0x0000000000005a36      0x64a Src/lcd.o
 .debug_line    0x0000000000006080      0xbc9 Src/main.o
 .debug_line    0x0000000000006c49       0x7b Src/startup_stm32f746xx.o
 .debug_line    0x0000000000006cc4      0x5ef Src/stm32f7xx_hal_msp.o
 .debug_line    0x00000000000072b3      0x3ab Src/stm32f7xx_it.o
 .debug_line    0x000000000000765e      0x295 Src/system_stm32f7xx.o
 .debug_line    0x00000000000078f3      0x722 Src/TinyEngine/codegen/Source/depthwise_kernel3x3_stride1_inplace_CHW_fpreq.o
 .debug_line    0x0000000000008015      0xa28 Src/TinyEngine/codegen/Source/depthwise_kernel7x7_stride1_inplace_CHW_fpreq.o
 .debug_line    0x0000000000008a3d      0x597 Src/TinyEngine/codegen/Source/genModel.o
 .debug_line    0x0000000000008fd4      0x556 Src/TinyEngine/src/kernels/fp_requantize_op/convolve_1x1_s8_fpreq.o
 .debug_line    0x000000000000952a      0x67f Src/TinyEngine/src/kernels/fp_requantize_op/convolve_1x1_s8_fpreq_mask.o
 .debug_line    0x0000000000009ba9      0x9a2 Src/TinyEngine/src/kernels/fp_requantize_op/convolve_s8_kernel3_inputch3_stride2_pad1_fpreq.o
 .debug_line    0x000000000000a54b     0x17da Src/TinyEngine/src/kernels/fp_requantize_op/mat_mul_kernels_fpreq.o
 .debug_line    0x000000000000bd25      0x3c4 Src/TinyEngine/src/kernels/int_forward_op/avgpooling.o

.debug_str      0x0000000000000000     0x6679
 .debug_str     0x0000000000000000     0x17b6 Drivers/BSP/STM32746G-Discovery/stm32746g_discovery.o
                                       0x19ea (size before relaxing)
 .debug_str     0x00000000000017b6      0xe93 Drivers/BSP/STM32746G-Discovery/stm32746g_discovery_lcd.o
                                       0x181b (size before relaxing)
 .debug_str     0x0000000000002649      0x392 Drivers/STM32F7xx_HAL_Driver/Src/stm32f7xx_hal.o
                                       0x10d1 (size before relaxing)
 .debug_str     0x00000000000029db      0x522 Drivers/STM32F7xx_HAL_Driver/Src/stm32f7xx_hal_cortex.o
                                       0x11ff (size before relaxing)
 .debug_str     0x0000000000002efd       0xc5 Drivers/STM32F7xx_HAL_Driver/Src/stm32f7xx_hal_gpio.o
                                        0x957 (size before relaxing)
 .debug_str     0x0000000000002fc2      0x20e Drivers/STM32F7xx_HAL_Driver/Src/stm32f7xx_hal_pwr_ex.o
                                        0xaad (size before relaxing)
 .debug_str     0x00000000000031d0      0x299 Drivers/STM32F7xx_HAL_Driver/Src/stm32f7xx_hal_rcc.o
                                        0xb25 (size before relaxing)
 .debug_str     0x0000000000003469      0x574 Drivers/STM32F7xx_HAL_Driver/Src/stm32f7xx_hal_uart.o
                                       0x1269 (size before relaxing)
 .debug_str     0x00000000000039dd      0xa18 Src/JPEGDecoder.o
                                        0xf6e (size before relaxing)
 .debug_str     0x00000000000043f5      0x271 Src/lcd.o
                                        0xd7f (size before relaxing)
 .debug_str     0x0000000000004666      0xbd2 Src/main.o
                                       0x1eec (size before relaxing)
 .debug_str     0x0000000000005238       0x2b Src/startup_stm32f746xx.o
                                         0x82 (size before relaxing)
 .debug_str     0x0000000000005263      0x244 Src/stm32f7xx_hal_msp.o
                                       0x16fd (size before relaxing)
 .debug_str     0x00000000000054a7       0xa6 Src/stm32f7xx_it.o
                                        0x6aa (size before relaxing)
 .debug_str     0x000000000000554d       0x45 Src/system_stm32f7xx.o
                                        0x49e (size before relaxing)
 .debug_str     0x0000000000005592      0x203 Src/TinyEngine/codegen/Source/depthwise_kernel3x3_stride1_inplace_CHW_fpreq.o
                                        0x806 (size before relaxing)
 .debug_str     0x0000000000005795       0xb4 Src/TinyEngine/codegen/Source/depthwise_kernel7x7_stride1_inplace_CHW_fpreq.o
                                        0x806 (size before relaxing)
 .debug_str     0x0000000000005849      0x668 Src/TinyEngine/codegen/Source/genModel.o
                                        0xcf7 (size before relaxing)
 .debug_str     0x0000000000005eb1      0x1fc Src/TinyEngine/src/kernels/fp_requantize_op/convolve_1x1_s8_fpreq.o
                                        0x8c6 (size before relaxing)
 .debug_str     0x00000000000060ad       0xde Src/TinyEngine/src/kernels/fp_requantize_op/convolve_1x1_s8_fpreq_mask.o
                                        0x943 (size before relaxing)
 .debug_str     0x000000000000618b      0x18a Src/TinyEngine/src/kernels/fp_requantize_op/convolve_s8_kernel3_inputch3_stride2_pad1_fpreq.o
                                        0x9b7 (size before relaxing)
 .debug_str     0x0000000000006315      0x2f9 Src/TinyEngine/src/kernels/fp_requantize_op/mat_mul_kernels_fpreq.o
                                        0xaaf (size before relaxing)
 .debug_str     0x000000000000660e       0x6b Src/TinyEngine/src/kernels/int_forward_op/avgpooling.o
                                        0x6cf (size before relaxing)

.comment        0x0000000000000000       0x7b
 .comment       0x0000000000000000       0x7b Drivers/BSP/STM32746G-Discovery/stm32746g_discovery.o
                                         0x7c (size before relaxing)
 .comment       0x000000000000007b       0x7c Drivers/BSP/STM32746G-Discovery/stm32746g_discovery_lcd.o
 .comment       0x000000000000007b       0x7c Drivers/STM32F7xx_HAL_Driver/Src/stm32f7xx_hal.o
 .comment       0x000000000000007b       0x7c Drivers/STM32F7xx_HAL_Driver/Src/stm32f7xx_hal_cortex.o
 .comment       0x000000000000007b       0x7c Drivers/STM32F7xx_HAL_Driver/Src/stm32f7xx_hal_gpio.o
 .comment       0x000000000000007b       0x7c Drivers/STM32F7xx_HAL_Driver/Src/stm32f7xx_hal_pwr_ex.o
 .comment       0x000000000000007b       0x7c Drivers/STM32F7xx_HAL_Driver/Src/stm32f7xx_hal_rcc.o
 .comment       0x000000000000007b       0x7c Drivers/STM32F7xx_HAL_Driver/Src/stm32f7xx_hal_uart.o
 .comment       0x000000000000007b       0x7c Src/JPEGDecoder.o
 .comment       0x000000000000007b       0x7c Src/lcd.o
 .comment       0x000000000000007b       0x7c Src/main.o
 .comment       0x000000000000007b       0x7c Src/stm32f7xx_hal_msp.o
 .comment       0x000000000000007b       0x7c Src/stm32f7xx_it.o
 .comment       0x000000000000007b       0x7c Src/system_stm32f7xx.o
 .comment       0x000000000000007b       0x7c Src/TinyEngine/codegen/Source/depthwise_kernel3x3_stride1_inplace_CHW_fpreq.o
 .comment       0x000000000000007b       0x7c Src/TinyEngine/codegen/Source/depthwise_kernel7x7_stride1_inplace_CHW_fpreq.o
 .comment       0x000000000000007b       0x7c Src/TinyEngine/codegen/Source/genModel.o
 .comment       0x000000000000007b       0x7c Src/TinyEngine/src/kernels/fp_requantize_op/convolve_1x1_s8_fpreq.o
 .comment       0x000000000000007b       0x7c Src/TinyEngine/src/kernels/fp_requantize_op/convolve_1x1_s8_fpreq_mask.o
 .comment       0x000000000000007b       0x7c Src/TinyEngine/src/kernels/fp_requantize_op/convolve_s8_kernel3_inputch3_stride2_pad1_fpreq.o
 .comment       0x000000000000007b       0x7c Src/TinyEngine/src/kernels/fp_requantize_op/mat_mul_kernels_fpreq.o
 .comment       0x000000000000007b       0x7c Src/TinyEngine/src/kernels/int_forward_op/avgpooling.o

.debug_frame    0x0000000000000000     0x26bc