JPEGDecoder.cpp:25:1:JPEGDecoder::JPEGDecoder()	16	static
JPEGDecoder.cpp:32:1:JPEGDecoder::~JPEGDecoder()	16	static
JPEGDecoder.cpp:38:9:static uint8_t JPEGDecoder::pjpeg_callback(uint8_t*, uint8_t, uint8_t*, void*)	40	static
JPEGDecoder.cpp:47:9:uint8_t JPEGDecoder::pjpeg_need_bytes_callback(uint8_t*, uint8_t, uint8_t*, void*)	32	static
JPEGDecoder.cpp:75:5:int JPEGDecoder::decode_mcu()	16	static
JPEGDecoder.cpp:94:5:int JPEGDecoder::read()	80	static
JPEGDecoder.cpp:182:5:int JPEGDecoder::readSwappedBytes()	80	static
JPEGDecoder.cpp:262:5:int JPEGDecoder::decodeFile(const char*)	16	static
JPEGDecoder.cpp:357:5:int JPEGDecoder::decodeArray(const uint8_t*, uint32_t)	24	static
JPEGDecoder.cpp:370:5:int JPEGDecoder::decodeCommon()	16	static
JPEGDecoder.cpp:422:6:void JPEGDecoder::abort()	16	static
JPEGDecoder.cpp:442:1:void __static_initialization_and_destruction_0(int, int)	16	static
JPEGDecoder.cpp:442:1:cpp)	8	static
JPEGDecoder.cpp:442:1:cpp)	8	static
