lcd.cpp:26:6:void loadRGB565LCD(uint32_t, uint32_t, uint32_t, uint32_t, uint16_t*, uint8_t)	48	static
lcd.cpp:42:6:void drawRedBackground(int, int, int, int)	40	static
lcd.cpp:51:6:void drawGreenBackground(int, int, int, int)	40	static
lcd.cpp:60:6:void drawBlueBackground(int, int, int, int)	40	static
lcd.cpp:69:6:void drawBlackBackground(int, int, int, int)	40	static
lcd.cpp:78:6:void displaystring(char*, int, int)	24	static
lcd.cpp:86:6:void detectResponse(int, float, int, int, int)	72	static
lcd.cpp:144:6:void detect_keyword(uint8_t)	48	static
lcd.cpp:184:6:void clean_screen_green()	8	static
lcd.cpp:187:6:void clean_screen_red()	8	static
lcd.cpp:190:6:void clean_screen_black()	8	static
lcd.cpp:223:6:void lcdsetup()	152	static
