stm32f7xx_it.c:66:6:NMI_Handler	4	static
stm32f7xx_it.c:68:6:HardFault_Handler	4	static
stm32f7xx_it.c:74:6:MemManage_Handler	4	static
stm32f7xx_it.c:80:6:BusFault_Handler	4	static
stm32f7xx_it.c:86:6:UsageFault_Handler	4	static
stm32f7xx_it.c:92:6:SVC_Handler	4	static
stm32f7xx_it.c:94:6:DebugMon_Handler	4	static
stm32f7xx_it.c:96:6:PendSV_Handler	4	static
stm32f7xx_it.c:98:6:SysTick_Handler	8	static
stm32f7xx_it.c:101:6:EXTI0_IRQHandler	8	static
stm32f7xx_it.c:111:6:EXTI2_IRQHandler	8	static
stm32f7xx_it.c:121:6:EXTI15_10_IRQHandler	8	static
stm32f7xx_it.c:139:6:DMA2_Stream7_IRQHandler	8	static
stm32f7xx_it.c:154:6:DMA2_Stream1_IRQHandler	4	static
stm32f7xx_it.c:164:6:DMA2_Stream4_IRQHandler	8	static
stm32f7xx_it.c:174:6:DCMI_IRQHandler	4	static
