wm8994.c:135:10:wm8994_Init	40	static
wm8994.c:492:6:wm8994_DeInit	8	static
wm8994.c:503:10:wm8994_ReadID	16	static
wm8994.c:517:10:wm8994_Play	24	static
wm8994.c:533:10:wm8994_Pause	24	static
wm8994.c:552:10:wm8994_Resume	24	static
wm8994.c:576:10:wm8994_Stop	24	static
wm8994.c:622:10:wm8994_SetVolume	24	static
wm8994.c:698:10:wm8994_SetMute	24	static
wm8994.c:733:10:wm8994_SetOutputMode	24	static
wm8994.c:820:10:wm8994_SetFrequency	24	static
wm8994.c:875:10:wm8994_Reset	24	static
wm8994.c:894:16:CODEC_IO_Write	24	static
