stm32746g_discovery_sd.c:147:9:BSP_SD_Init	16	static
stm32746g_discovery_sd.c:198:9:BSP_SD_DeInit	16	static
stm32746g_discovery_sd.c:221:9:BSP_SD_ITConfig	32	static
stm32746g_discovery_sd.c:243:9:BSP_SD_IsDetected	16	static
stm32746g_discovery_sd.c:264:9:BSP_SD_ReadBlocks	32	static
stm32746g_discovery_sd.c:284:9:BSP_SD_WriteBlocks	32	static
stm32746g_discovery_sd.c:303:9:BSP_SD_ReadBlocks_DMA	24	static
stm32746g_discovery_sd.c:323:9:BSP_SD_WriteBlocks_DMA	24	static
stm32746g_discovery_sd.c:342:9:BSP_SD_Erase	16	static
stm32746g_discovery_sd.c:360:13:BSP_SD_MspInit	56	static
stm32746g_discovery_sd.c:459:13:BSP_SD_Detect_MspInit	40	static
stm32746g_discovery_sd.c:479:13:BSP_SD_MspDeInit	16	static
stm32746g_discovery_sd.c:516:9:BSP_SD_GetCardState	8	static
stm32746g_discovery_sd.c:527:6:BSP_SD_GetCardInfo	16	static
stm32746g_discovery_sd.c:538:6:HAL_SD_AbortCallback	16	static
stm32746g_discovery_sd.c:548:6:HAL_SD_TxCpltCallback	16	static
stm32746g_discovery_sd.c:558:6:HAL_SD_RxCpltCallback	16	static
stm32746g_discovery_sd.c:567:13:BSP_SD_AbortCallback	4	static
stm32746g_discovery_sd.c:576:13:BSP_SD_WriteCpltCallback	4	static
stm32746g_discovery_sd.c:585:13:BSP_SD_ReadCpltCallback	4	static
